Archive member included to satisfy reference by file (symbol)

C:\Users\Bruno\dev\utn\test\workspace\lpc_board_nxp_lpcxpresso_1769\Debug\liblpc_board_nxp_lpcxpresso_1769.a(board.o)
                              ./src/ADCMSIS.o (Board_LED_Set)
C:\Users\Bruno\dev\utn\test\workspace\lpc_board_nxp_lpcxpresso_1769\Debug\liblpc_board_nxp_lpcxpresso_1769.a(board_sysinit.o)
                              ./src/sysinit.o (Board_SystemInit)
C:\Users\Bruno\dev\utn\test\workspace\lpc_chip_175x_6x\Debug\liblpc_chip_175x_6x.a(adc_17xx_40xx.o)
                              ./src/adc.o (Chip_ADC_Init)
C:\Users\Bruno\dev\utn\test\workspace\lpc_chip_175x_6x\Debug\liblpc_chip_175x_6x.a(chip_17xx_40xx.o)
                              ./src/ADCMSIS.o (SystemCoreClockUpdate)
C:\Users\Bruno\dev\utn\test\workspace\lpc_chip_175x_6x\Debug\liblpc_chip_175x_6x.a(clock_17xx_40xx.o)
                              C:\Users\Bruno\dev\utn\test\workspace\lpc_chip_175x_6x\Debug\liblpc_chip_175x_6x.a(chip_17xx_40xx.o) (Chip_Clock_EnablePLL)
C:\Users\Bruno\dev\utn\test\workspace\lpc_chip_175x_6x\Debug\liblpc_chip_175x_6x.a(dac_17xx_40xx.o)
                              ./src/dac.o (Chip_DAC_Init)
C:\Users\Bruno\dev\utn\test\workspace\lpc_chip_175x_6x\Debug\liblpc_chip_175x_6x.a(i2s_17xx_40xx.o)
                              C:\Users\Bruno\dev\utn\test\workspace\lpc_board_nxp_lpcxpresso_1769\Debug\liblpc_board_nxp_lpcxpresso_1769.a(board.o) (Chip_I2S_Init)
C:\Users\Bruno\dev\utn\test\workspace\lpc_chip_175x_6x\Debug\liblpc_chip_175x_6x.a(iocon_17xx_40xx.o)
                              C:\Users\Bruno\dev\utn\test\workspace\lpc_board_nxp_lpcxpresso_1769\Debug\liblpc_board_nxp_lpcxpresso_1769.a(board.o) (Chip_IOCON_PinMux)
C:\Users\Bruno\dev\utn\test\workspace\lpc_chip_175x_6x\Debug\liblpc_chip_175x_6x.a(sysinit_17xx_40xx.o)
                              C:\Users\Bruno\dev\utn\test\workspace\lpc_board_nxp_lpcxpresso_1769\Debug\liblpc_board_nxp_lpcxpresso_1769.a(board_sysinit.o) (Chip_SetupXtalClocking)
C:\Users\Bruno\dev\utn\test\workspace\lpc_chip_175x_6x\Debug\liblpc_chip_175x_6x.a(uart_17xx_40xx.o)
                              C:\Users\Bruno\dev\utn\test\workspace\lpc_board_nxp_lpcxpresso_1769\Debug\liblpc_board_nxp_lpcxpresso_1769.a(board.o) (Chip_UART_Init)
C:\Users\Bruno\dev\utn\test\workspace\lpc_chip_175x_6x\Debug\liblpc_chip_175x_6x.a(ring_buffer.o)
                              C:\Users\Bruno\dev\utn\test\workspace\lpc_chip_175x_6x\Debug\liblpc_chip_175x_6x.a(uart_17xx_40xx.o) (RingBuffer_Insert)
C:\Users\Bruno\dev\utn\test\workspace\CMSIS_DSPLIB_CM3\lib\libCMSIS_DSPLIB_CM3.a(arm_float_to_q31.o)
                              ./src/ADCMSIS.o (arm_float_to_q31)
C:\Users\Bruno\dev\utn\test\workspace\CMSIS_DSPLIB_CM3\lib\libCMSIS_DSPLIB_CM3.a(arm_max_f32.o)
                              ./src/ADCMSIS.o (arm_max_f32)
C:\Users\Bruno\dev\utn\test\workspace\CMSIS_DSPLIB_CM3\lib\libCMSIS_DSPLIB_CM3.a(arm_biquad_cascade_df1_init_q31.o)
                              ./src/ADCMSIS.o (arm_biquad_cascade_df1_init_q31)
C:\Users\Bruno\dev\utn\test\workspace\CMSIS_DSPLIB_CM3\lib\libCMSIS_DSPLIB_CM3.a(arm_biquad_cascade_df1_q31.o)
                              ./src/ADCMSIS.o (arm_biquad_cascade_df1_q31)
C:\Users\Bruno\dev\utn\test\workspace\CMSIS_DSPLIB_CM3\lib\libCMSIS_DSPLIB_CM3.a(arm_fir_init_q31.o)
                              ./src/ADCMSIS.o (arm_fir_init_q31)
C:\Users\Bruno\dev\utn\test\workspace\CMSIS_DSPLIB_CM3\lib\libCMSIS_DSPLIB_CM3.a(arm_fir_q31.o)
                              ./src/ADCMSIS.o (arm_fir_q31)
C:\Users\Bruno\dev\utn\test\workspace\CMSIS_DSPLIB_CM3\lib\libCMSIS_DSPLIB_CM3.a(arm_scale_f32.o)
                              ./src/ADCMSIS.o (arm_scale_f32)
c:/nxp/mcuxpressoide_11.8.0_1165/ide/plugins/com.nxp.mcuxpresso.tools.win32_11.8.0.202306131047/tools/bin/../lib/gcc/arm-none-eabi/12.2.1/../../../../arm-none-eabi/lib/thumb/v7-m/nofp\libcr_c.a(memcpy.o)
                              C:\Users\Bruno\dev\utn\test\workspace\lpc_board_nxp_lpcxpresso_1769\Debug\liblpc_board_nxp_lpcxpresso_1769.a(board.o) (memcpy)
c:/nxp/mcuxpressoide_11.8.0_1165/ide/plugins/com.nxp.mcuxpresso.tools.win32_11.8.0.202306131047/tools/bin/../lib/gcc/arm-none-eabi/12.2.1/../../../../arm-none-eabi/lib/thumb/v7-m/nofp\libcr_c.a(memset.o)
                              C:\Users\Bruno\dev\utn\test\workspace\CMSIS_DSPLIB_CM3\lib\libCMSIS_DSPLIB_CM3.a(arm_biquad_cascade_df1_init_q31.o) (memset)
c:/nxp/mcuxpressoide_11.8.0_1165/ide/plugins/com.nxp.mcuxpresso.tools.win32_11.8.0.202306131047/tools/bin/../lib/gcc/arm-none-eabi/12.2.1/../../../../arm-none-eabi/lib/thumb/v7-m/nofp\libcr_c.a(__weak__main.o)
                              ./src/cr_startup_lpc175x_6x.o (__main)
c:/nxp/mcuxpressoide_11.8.0_1165/ide/plugins/com.nxp.mcuxpresso.tools.win32_11.8.0.202306131047/tools/bin/../lib/gcc/arm-none-eabi/12.2.1/thumb/v7-m/nofp\libcr_eabihelpers.a(division_64.o)
[...]
Memory Configuration

Name             Origin             Length             Attributes
MFlash512        0x00000000         0x00080000         xr
RamLoc32         0x10000000         0x00008000         xrw
RamAHB32         0x2007c000         0x00008000         xrw
*default*        0x00000000         0xffffffff

Linker script and memory map

LOAD ./src/ADCMSIS.o
LOAD ./src/adc.o
LOAD ./src/cr_startup_lpc175x_6x.o
LOAD ./src/crp.o
LOAD ./src/dac.o
LOAD ./src/filter.o
LOAD ./src/sysinit.o
LOAD C:\Users\Bruno\dev\utn\test\workspace\lpc_board_nxp_lpcxpresso_1769\Debug\liblpc_board_nxp_lpcxpresso_1769.a
LOAD C:\Users\Bruno\dev\utn\test\workspace\lpc_chip_175x_6x\Debug\liblpc_chip_175x_6x.a
LOAD C:\Users\Bruno\dev\utn\test\workspace\CMSIS_DSPLIB_CM3\lib\libCMSIS_DSPLIB_CM3.a
START GROUP
LOAD c:/nxp/mcuxpressoide_11.8.0_1165/ide/plugins/com.nxp.mcuxpresso.tools.win32_11.8.0.202306131047/tools/bin/../lib/gcc/arm-none-eabi/12.2.1/../../../../arm-none-eabi/lib/thumb/v7-m/nofp\libcr_c.a
LOAD c:/nxp/mcuxpressoide_11.8.0_1165/ide/plugins/com.nxp.mcuxpresso.tools.win32_11.8.0.202306131047/tools/bin/../lib/gcc/arm-none-eabi/12.2.1/thumb/v7-m/nofp\libcr_eabihelpers.a
LOAD c:/nxp/mcuxpressoide_11.8.0_1165/ide/plugins/com.nxp.mcuxpresso.tools.win32_11.8.0.202306131047/tools/bin/../lib/gcc/arm-none-eabi/12.2.1/thumb/v7-m/nofp\libgcc.a
END GROUP
                0x00000000                __base_MFlash512 = 0x0
                0x00000000                __base_Flash = 0x0
                0x00080000                __top_MFlash512 = 0x80000
                0x00080000                __top_Flash = 0x80000
                0x10000000                __base_RamLoc32 = 0x10000000
                0x10000000                __base_RAM = 0x10000000
                0x10008000                __top_RamLoc32 = 0x10008000
                0x10008000                __top_RAM = 0x10008000
                0x2007c000                __base_RamAHB32 = 0x2007c000
                0x2007c000                __base_RAM2 = 0x2007c000
                0x20084000                __top_RamAHB32 = 0x20084000
                0x20084000                __top_RAM2 = 0x20084000

.text           0x00000000     0x251c
 FILL mask 0xff
                0x00000000                __vectors_start__ = ABSOLUTE (.)
 *(.isr_vector)
 .isr_vector    0x00000000       0xcc ./src/cr_startup_lpc175x_6x.o
                0x00000000                g_pfnVectors
                0x000000cc                . = ALIGN (0x4)
                0x000000cc                __section_table_start = .
                0x000000cc                __data_section_table = .
                0x000000cc        0x4 LONG 0x251c LOADADDR (.data)
                0x000000d0        0x4 LONG 0x10000000 ADDR (.data)
                0x000000d4        0x4 LONG 0x2b0 SIZEOF (.data)
                0x000000d8        0x4 LONG 0x251c LOADADDR (.data_RAM2)
                0x000000dc        0x4 LONG 0x2007c000 ADDR (.data_RAM2)
                0x000000e0        0x4 LONG 0x0 SIZEOF (.data_RAM2)
                0x000000e4                __data_section_table_end = .
                0x000000e4                __bss_section_table = .
                0x000000e4        0x4 LONG 0x100002b0 ADDR (.bss)
                0x000000e8        0x4 LONG 0x6578 SIZEOF (.bss)
                0x000000ec        0x4 LONG 0x2007c000 ADDR (.bss_RAM2)
                0x000000f0        0x4 LONG 0x0 SIZEOF (.bss_RAM2)
                0x000000f4                __bss_section_table_end = .
                0x000000f4                __section_table_end = .
 *(.after_vectors*)
 .after_vectors
                0x000000f4      0x148 ./src/cr_startup_lpc175x_6x.o
                0x000000f4                data_init
                0x00000138                bss_init
                0x00000170                ResetISR
                0x000001ec                NMI_Handler
                0x000001f4                HardFault_Handler
                0x000001fc                MemManage_Handler
                0x00000204                BusFault_Handler
                0x0000020c                UsageFault_Handler
                0x00000214                SVC_Handler
                0x0000021c                DebugMon_Handler
                0x00000224                PendSV_Handler
                0x0000022c                SysTick_Handler
                0x00000234                EINT3_IRQHandler
                0x00000234                CANActivity_IRQHandler
                0x00000234                TIMER3_IRQHandler
                0x00000234                UART0_IRQHandler
                0x00000234                UART1_IRQHandler
                0x00000234                EINT2_IRQHandler
                0x00000234                USBActivity_IRQHandler
                0x00000234                IntDefaultHandler
                0x00000234                PLL0_IRQHandler
                0x00000234                I2C0_IRQHandler
                0x00000234                I2C1_IRQHandler
                0x00000234                SSP0_IRQHandler
                0x00000234                I2S_IRQHandler
                0x00000234                I2C2_IRQHandler
                0x00000234                RTC_IRQHandler
                0x00000234                TIMER0_IRQHandler
                0x00000234                SPI_IRQHandler
                0x00000234                RIT_IRQHandler
                0x00000234                EINT1_IRQHandler
                0x00000234                TIMER1_IRQHandler
                0x00000234                UART2_IRQHandler
                0x00000234                SSP1_IRQHandler
                0x00000234                USB_IRQHandler
                0x00000234                BOD_IRQHandler
                0x00000234                PLL1_IRQHandler
                0x00000234                WDT_IRQHandler
                0x00000234                PWM1_IRQHandler
                0x00000234                QEI_IRQHandler
                0x00000234                EINT0_IRQHandler
                0x00000234                ETH_IRQHandler
                0x00000234                CAN_IRQHandler
                0x00000234                DMA_IRQHandler
                0x00000234                TIMER2_IRQHandler
                0x00000234                UART3_IRQHandler
                0x00000234                MCPWM_IRQHandler
                0x000002fc                . = 0x2fc
 *fill*         0x0000023c       0xc0 ff
                0x000002fc                PROVIDE (__CRP_WORD_START__ = .)
 *(.crp)
 .crp           0x000002fc        0x4 ./src/crp.o
                0x000002fc                CRP_WORD
                0x00000300                PROVIDE (__CRP_WORD_END__ = .)
                0x00000001                ASSERT (! ((__CRP_WORD_START__ == __CRP_WORD_END__)), Linker CRP Enabled, but no CRP_WORD provided within application)
 *(.text*)
 .text.main     0x00000300      0x19c ./src/ADCMSIS.o
                0x00000300                main
 .text.NVIC_EnableIRQ
                0x0000049c       0x30 ./src/adc.o
 .text.adcInit  0x000004cc       0x4c ./src/adc.o
                0x000004cc                adcInit
 .text.ADC_IRQHandler
                0x00000518       0xcc ./src/adc.o
                0x00000518                ADC_IRQHandler
 .text.dacInit  0x000005e4       0x14 ./src/dac.o
                0x000005e4                dacInit
 .text.dacWrite
                0x000005f8       0x1c ./src/dac.o
                0x000005f8                dacWrite
 .text.SystemInit
                0x00000614       0x24 ./src/sysinit.o
                0x00000614                SystemInit
 .text.Chip_IOCON_Init
                0x00000638       0x16 C:\Users\Bruno\dev\utn\test\workspace\lpc_board_nxp_lpcxpresso_1769\Debug\liblpc_board_nxp_lpcxpresso_1769.a(board.o)
 .text.Chip_GPIO_Init
                0x0000064e       0x16 C:\Users\Bruno\dev\utn\test\workspace\lpc_board_nxp_lpcxpresso_1769\Debug\liblpc_board_nxp_lpcxpresso_1769.a(board.o)
 .text.Chip_GPIO_SetPinState
                0x00000664       0x64 C:\Users\Bruno\dev\utn\test\workspace\lpc_board_nxp_lpcxpresso_1769\Debug\liblpc_board_nxp_lpcxpresso_1769.a(board.o)
 .text.Chip_GPIO_WritePortBit
                0x000006c8       0x2c C:\Users\Bruno\dev\utn\test\workspace\lpc_board_nxp_lpcxpresso_1769\Debug\liblpc_board_nxp_lpcxpresso_1769.a(board.o)
 .text.Chip_GPIO_SetPinDIROutput
                0x000006f4       0x36 C:\Users\Bruno\dev\utn\test\workspace\lpc_board_nxp_lpcxpresso_1769\Debug\liblpc_board_nxp_lpcxpresso_1769.a(board.o)
 .text.Chip_GPIO_SetPinDIRInput
                0x0000072a       0x3a C:\Users\Bruno\dev\utn\test\workspace\lpc_board_nxp_lpcxpresso_1769\Debug\liblpc_board_nxp_lpcxpresso_1769.a(board.o)
 .text.Chip_GPIO_SetPinDIR
                0x00000764       0x42 C:\Users\Bruno\dev\utn\test\workspace\lpc_board_nxp_lpcxpresso_1769\Debug\liblpc_board_nxp_lpcxpresso_1769.a(board.o)
 .text.Chip_GPIO_WriteDirBit
                0x000007a6       0x2e C:\Users\Bruno\dev\utn\test\workspace\lpc_board_nxp_lpcxpresso_1769\Debug\liblpc_board_nxp_lpcxpresso_1769.a(board.o)
 .text.Chip_UART_ConfigData
                0x000007d4       0x1a C:\Users\Bruno\dev\utn\test\workspace\lpc_board_nxp_lpcxpresso_1769\Debug\liblpc_board_nxp_lpcxpresso_1769.a(board.o)
 *fill*         0x000007ee        0x2 ff
 .text.Board_LED_Init
                0x000007f0       0x18 C:\Users\Bruno\dev\utn\test\workspace\lpc_board_nxp_lpcxpresso_1769\Debug\liblpc_board_nxp_lpcxpresso_1769.a(board.o)
 .text.Board_UART_Init
                0x00000808       0x12 C:\Users\Bruno\dev\utn\test\workspace\lpc_board_nxp_lpcxpresso_1769\Debug\liblpc_board_nxp_lpcxpresso_1769.a(board.o)
                0x00000808                Board_UART_Init
 *fill*         0x0000081a        0x2 ff
 .text.Board_Debug_Init
                0x0000081c       0x30 C:\Users\Bruno\dev\utn\test\workspace\lpc_board_nxp_lpcxpresso_1769\Debug\liblpc_board_nxp_lpcxpresso_1769.a(board.o)
                0x0000081c                Board_Debug_Init
 .text.Board_LED_Set
                0x0000084c       0x30 C:\Users\Bruno\dev\utn\test\workspace\lpc_board_nxp_lpcxpresso_1769\Debug\liblpc_board_nxp_lpcxpresso_1769.a(board.o)
                0x0000084c                Board_LED_Set
 .text.Board_Init
                0x0000087c       0x24 C:\Users\Bruno\dev\utn\test\workspace\lpc_board_nxp_lpcxpresso_1769\Debug\liblpc_board_nxp_lpcxpresso_1769.a(board.o)
                0x0000087c                Board_Init
 .text.Chip_SYSCTL_SetFLASHAccess
                0x000008a0       0x30 C:\Users\Bruno\dev\utn\test\workspace\lpc_board_nxp_lpcxpresso_1769\Debug\liblpc_board_nxp_lpcxpresso_1769.a(board_sysinit.o)
 .text.Board_SetupMuxing
                0x000008d0       0x1c C:\Users\Bruno\dev\utn\test\workspace\lpc_board_nxp_lpcxpresso_1769\Debug\liblpc_board_nxp_lpcxpresso_1769.a(board_sysinit.o)
                0x000008d0                Board_SetupMuxing
 .text.Board_SetupClocking
                0x000008ec       0x12 C:\Users\Bruno\dev\utn\test\workspace\lpc_board_nxp_lpcxpresso_1769\Debug\liblpc_board_nxp_lpcxpresso_1769.a(board_sysinit.o)
                0x000008ec                Board_SetupClocking
 .text.Board_SystemInit
                0x000008fe       0x10 C:\Users\Bruno\dev\utn\test\workspace\lpc_board_nxp_lpcxpresso_1769\Debug\liblpc_board_nxp_lpcxpresso_1769.a(board_sysinit.o)
                0x000008fe                Board_SystemInit
 .text.getFullConvClk
                0x0000090e        0xe C:\Users\Bruno\dev\utn\test\workspace\lpc_chip_175x_6x\Debug\liblpc_chip_175x_6x.a(adc_17xx_40xx.o)
 .text.getClkDiv
                0x0000091c       0x4c C:\Users\Bruno\dev\utn\test\workspace\lpc_chip_175x_6x\Debug\liblpc_chip_175x_6x.a(adc_17xx_40xx.o)
 .text.setStartMode
                0x00000968       0x2c C:\Users\Bruno\dev\utn\test\workspace\lpc_chip_175x_6x\Debug\liblpc_chip_175x_6x.a(adc_17xx_40xx.o)
                0x00000968                setStartMode
 .text.readAdcVal
                0x00000994       0x40 C:\Users\Bruno\dev\utn\test\workspace\lpc_chip_175x_6x\Debug\liblpc_chip_175x_6x.a(adc_17xx_40xx.o)
                0x00000994                readAdcVal
 .text.Chip_ADC_Init
                0x000009d4       0x70 C:\Users\Bruno\dev\utn\test\workspace\lpc_chip_175x_6x\Debug\liblpc_chip_175x_6x.a(adc_17xx_40xx.o)
                0x000009d4                Chip_ADC_Init
 .text.Chip_ADC_ReadValue
                0x00000a44       0x24 C:\Users\Bruno\dev\utn\test\workspace\lpc_chip_175x_6x\Debug\liblpc_chip_175x_6x.a(adc_17xx_40xx.o)
                0x00000a44                Chip_ADC_ReadValue
 .text.Chip_ADC_Int_SetChannelCmd
                0x00000a68       0x48 C:\Users\Bruno\dev\utn\test\workspace\lpc_chip_175x_6x\Debug\liblpc_chip_175x_6x.a(adc_17xx_40xx.o)
                0x00000a68                Chip_ADC_Int_SetChannelCmd
 .text.Chip_ADC_SetSampleRate
                0x00000ab0       0x4e C:\Users\Bruno\dev\utn\test\workspace\lpc_chip_175x_6x\Debug\liblpc_chip_175x_6x.a(adc_17xx_40xx.o)
                0x00000ab0                Chip_ADC_SetSampleRate
 .text.Chip_ADC_EnableChannel
                0x00000afe       0x54 C:\Users\Bruno\dev\utn\test\workspace\lpc_chip_175x_6x\Debug\liblpc_chip_175x_6x.a(adc_17xx_40xx.o)
                0x00000afe                Chip_ADC_EnableChannel
 .text.Chip_ADC_SetBurstCmd
                0x00000b52       0x3c C:\Users\Bruno\dev\utn\test\workspace\lpc_chip_175x_6x\Debug\liblpc_chip_175x_6x.a(adc_17xx_40xx.o)
                0x00000b52                Chip_ADC_SetBurstCmd
 *fill*         0x00000b8e        0x2 ff
 .text.SystemCoreClockUpdate
                0x00000b90       0x18 C:\Users\Bruno\dev\utn\test\workspace\lpc_chip_175x_6x\Debug\liblpc_chip_175x_6x.a(chip_17xx_40xx.o)
                0x00000b90                SystemCoreClockUpdate
 .text.Chip_Clock_IsMainPLLEnabled
                0x00000ba8       0x24 C:\Users\Bruno\dev\utn\test\workspace\lpc_chip_175x_6x\Debug\liblpc_chip_175x_6x.a(clock_17xx_40xx.o)
 .text.Chip_Clock_IsMainPLLConnected
                0x00000bcc       0x24 C:\Users\Bruno\dev\utn\test\workspace\lpc_chip_175x_6x\Debug\liblpc_chip_175x_6x.a(clock_17xx_40xx.o)
 .text.Chip_Clock_FeedPLL
                0x00000bf0       0x34 C:\Users\Bruno\dev\utn\test\workspace\lpc_chip_175x_6x\Debug\liblpc_chip_175x_6x.a(clock_17xx_40xx.o)
 .text.Chip_Clock_GetMainPLLSource
                0x00000c24       0x20 C:\Users\Bruno\dev\utn\test\workspace\lpc_chip_175x_6x\Debug\liblpc_chip_175x_6x.a(clock_17xx_40xx.o)
 .text.Chip_Clock_GetMainOscRate
                0x00000c44       0x14 C:\Users\Bruno\dev\utn\test\workspace\lpc_chip_175x_6x\Debug\liblpc_chip_175x_6x.a(clock_17xx_40xx.o)
 .text.Chip_Clock_GetIntOscRate
                0x00000c58       0x14 C:\Users\Bruno\dev\utn\test\workspace\lpc_chip_175x_6x\Debug\liblpc_chip_175x_6x.a(clock_17xx_40xx.o)
 .text.Chip_Clock_GetRTCOscRate
                0x00000c6c       0x14 C:\Users\Bruno\dev\utn\test\workspace\lpc_chip_175x_6x\Debug\liblpc_chip_175x_6x.a(clock_17xx_40xx.o)
 .text.Chip_Clock_GetMainPLLInClockRate
                0x00000c80        0xe C:\Users\Bruno\dev\utn\test\workspace\lpc_chip_175x_6x\Debug\liblpc_chip_175x_6x.a(clock_17xx_40xx.o)
 *fill*         0x00000c8e        0x2 ff
 .text.Chip_Clock_EnablePLL
                0x00000c90       0x44 C:\Users\Bruno\dev\utn\test\workspace\lpc_chip_175x_6x\Debug\liblpc_chip_175x_6x.a(clock_17xx_40xx.o)
                0x00000c90                Chip_Clock_EnablePLL
 .text.Chip_Clock_DisablePLL
                0x00000cd4       0x48 C:\Users\Bruno\dev\utn\test\workspace\lpc_chip_175x_6x\Debug\liblpc_chip_175x_6x.a(clock_17xx_40xx.o)
                0x00000cd4                Chip_Clock_DisablePLL
 .text.Chip_Clock_SetupPLL
                0x00000d1c       0x5c C:\Users\Bruno\dev\utn\test\workspace\lpc_chip_175x_6x\Debug\liblpc_chip_175x_6x.a(clock_17xx_40xx.o)
                0x00000d1c                Chip_Clock_SetupPLL
 .text.Chip_Clock_EnablePeriphClock
                0x00000d78       0x34 C:\Users\Bruno\dev\utn\test\workspace\lpc_chip_175x_6x\Debug\liblpc_chip_175x_6x.a(clock_17xx_40xx.o)
                0x00000d78                Chip_Clock_EnablePeriphClock
 .text.Chip_Clock_GetCPUClockSource
                0x00000dac       0x24 C:\Users\Bruno\dev\utn\test\workspace\lpc_chip_175x_6x\Debug\liblpc_chip_175x_6x.a(clock_17xx_40xx.o)
                0x00000dac                Chip_Clock_GetCPUClockSource
 .text.Chip_Clock_SetCPUClockDiv
                0x00000dd0       0x20 C:\Users\Bruno\dev\utn\test\workspace\lpc_chip_175x_6x\Debug\liblpc_chip_175x_6x.a(clock_17xx_40xx.o)
                0x00000dd0                Chip_Clock_SetCPUClockDiv
 .text.Chip_Clock_GetCPUClockDiv
                0x00000df0       0x1c C:\Users\Bruno\dev\utn\test\workspace\lpc_chip_175x_6x\Debug\liblpc_chip_175x_6x.a(clock_17xx_40xx.o)
                0x00000df0                Chip_Clock_GetCPUClockDiv
 .text.Chip_Clock_GetPCLKDiv
                0x00000e0c       0x8c C:\Users\Bruno\dev\utn\test\workspace\lpc_chip_175x_6x\Debug\liblpc_chip_175x_6x.a(clock_17xx_40xx.o)
                0x00000e0c                Chip_Clock_GetPCLKDiv
 .text.Chip_Clock_GetSYSCLKRate
                0x00000e98       0x3a C:\Users\Bruno\dev\utn\test\workspace\lpc_chip_175x_6x\Debug\liblpc_chip_175x_6x.a(clock_17xx_40xx.o)
                0x00000e98                Chip_Clock_GetSYSCLKRate
 *fill*         0x00000ed2        0x2 ff
 .text.Chip_Clock_GetMainPLLOutClockRate
                0x00000ed4       0x54 C:\Users\Bruno\dev\utn\test\workspace\lpc_chip_175x_6x\Debug\liblpc_chip_175x_6x.a(clock_17xx_40xx.o)
                0x00000ed4                Chip_Clock_GetMainPLLOutClockRate
 .text.Chip_Clock_GetMainClockRate
                0x00000f28       0x28 C:\Users\Bruno\dev\utn\test\workspace\lpc_chip_175x_6x\Debug\liblpc_chip_175x_6x.a(clock_17xx_40xx.o)
                0x00000f28                Chip_Clock_GetMainClockRate
 .text.Chip_Clock_GetSystemClockRate
                0x00000f50       0x18 C:\Users\Bruno\dev\utn\test\workspace\lpc_chip_175x_6x\Debug\liblpc_chip_175x_6x.a(clock_17xx_40xx.o)
                0x00000f50                Chip_Clock_GetSystemClockRate
 .text.Chip_Clock_GetPeripheralClockRate
                0x00000f68       0x26 C:\Users\Bruno\dev\utn\test\workspace\lpc_chip_175x_6x\Debug\liblpc_chip_175x_6x.a(clock_17xx_40xx.o)
                0x00000f68                Chip_Clock_GetPeripheralClockRate
 .text.Chip_DAC_Init
                0x00000f8e       0x18 C:\Users\Bruno\dev\utn\test\workspace\lpc_chip_175x_6x\Debug\liblpc_chip_175x_6x.a(dac_17xx_40xx.o)
                0x00000f8e                Chip_DAC_Init
 .text.Chip_DAC_UpdateValue
                0x00000fa6       0x30 C:\Users\Bruno\dev\utn\test\workspace\lpc_chip_175x_6x\Debug\liblpc_chip_175x_6x.a(dac_17xx_40xx.o)
                0x00000fa6                Chip_DAC_UpdateValue
 .text.Chip_DAC_SetBias
                0x00000fd6       0x32 C:\Users\Bruno\dev\utn\test\workspace\lpc_chip_175x_6x\Debug\liblpc_chip_175x_6x.a(dac_17xx_40xx.o)
                0x00000fd6                Chip_DAC_SetBias
 .text.Chip_IOCON_PinMuxSet
                0x00001008       0x36 C:\Users\Bruno\dev\utn\test\workspace\lpc_chip_175x_6x\Debug\liblpc_chip_175x_6x.a(iocon_17xx_40xx.o)
                0x00001008                Chip_IOCON_PinMuxSet
 .text.Chip_IOCON_PinMux
                0x0000103e       0x94 C:\Users\Bruno\dev\utn\test\workspace\lpc_chip_175x_6x\Debug\liblpc_chip_175x_6x.a(iocon_17xx_40xx.o)
                0x0000103e                Chip_IOCON_PinMux
 .text.Chip_IOCON_SetPinMuxing
                0x000010d2       0x64 C:\Users\Bruno\dev\utn\test\workspace\lpc_chip_175x_6x\Debug\liblpc_chip_175x_6x.a(iocon_17xx_40xx.o)
                0x000010d2                Chip_IOCON_SetPinMuxing
 *fill*         0x00001136        0x2 ff
 .text.Chip_Clock_IsMainPLLEnabled
                0x00001138       0x24 C:\Users\Bruno\dev\utn\test\workspace\lpc_chip_175x_6x\Debug\liblpc_chip_175x_6x.a(sysinit_17xx_40xx.o)
 .text.Chip_Clock_IsMainPLLLocked
                0x0000115c       0x24 C:\Users\Bruno\dev\utn\test\workspace\lpc_chip_175x_6x\Debug\liblpc_chip_175x_6x.a(sysinit_17xx_40xx.o)
 .text.Chip_Clock_IsMainPLLConnected
                0x00001180       0x24 C:\Users\Bruno\dev\utn\test\workspace\lpc_chip_175x_6x\Debug\liblpc_chip_175x_6x.a(sysinit_17xx_40xx.o)
 .text.Chip_Clock_EnableCrystal
                0x000011a4       0x20 C:\Users\Bruno\dev\utn\test\workspace\lpc_chip_175x_6x\Debug\liblpc_chip_175x_6x.a(sysinit_17xx_40xx.o)
 .text.Chip_Clock_IsCrystalEnabled
                0x000011c4       0x24 C:\Users\Bruno\dev\utn\test\workspace\lpc_chip_175x_6x\Debug\liblpc_chip_175x_6x.a(sysinit_17xx_40xx.o)
 .text.Chip_Clock_SetMainPLLSource
                0x000011e8       0x20 C:\Users\Bruno\dev\utn\test\workspace\lpc_chip_175x_6x\Debug\liblpc_chip_175x_6x.a(sysinit_17xx_40xx.o)
 .text.Chip_SetupXtalClocking
                0x00001208       0x90 C:\Users\Bruno\dev\utn\test\workspace\lpc_chip_175x_6x\Debug\liblpc_chip_175x_6x.a(sysinit_17xx_40xx.o)
                0x00001208                Chip_SetupXtalClocking
 .text.Chip_UART_SetupFIFOS
                0x00001298       0x1a C:\Users\Bruno\dev\utn\test\workspace\lpc_chip_175x_6x\Debug\liblpc_chip_175x_6x.a(uart_17xx_40xx.o)
 .text.Chip_UART_ConfigData
                0x000012b2       0x1a C:\Users\Bruno\dev\utn\test\workspace\lpc_chip_175x_6x\Debug\liblpc_chip_175x_6x.a(uart_17xx_40xx.o)
 .text.Chip_UART_EnableDivisorAccess
                0x000012cc       0x1e C:\Users\Bruno\dev\utn\test\workspace\lpc_chip_175x_6x\Debug\liblpc_chip_175x_6x.a(uart_17xx_40xx.o)
 .text.Chip_UART_DisableDivisorAccess
                0x000012ea       0x1e C:\Users\Bruno\dev\utn\test\workspace\lpc_chip_175x_6x\Debug\liblpc_chip_175x_6x.a(uart_17xx_40xx.o)
 .text.Chip_UART_SetDivisorLatches
                0x00001308       0x26 C:\Users\Bruno\dev\utn\test\workspace\lpc_chip_175x_6x\Debug\liblpc_chip_175x_6x.a(uart_17xx_40xx.o)
 *fill*         0x0000132e        0x2 ff
 .text.Chip_UART_GetClockIndex
                0x00001330       0x50 C:\Users\Bruno\dev\utn\test\workspace\lpc_chip_175x_6x\Debug\liblpc_chip_175x_6x.a(uart_17xx_40xx.o)
 .text.Chip_UART_GetClkIndex
                0x00001380       0x50 C:\Users\Bruno\dev\utn\test\workspace\lpc_chip_175x_6x\Debug\liblpc_chip_175x_6x.a(uart_17xx_40xx.o)
 .text.Chip_UART_Init
                0x000013d0       0x78 C:\Users\Bruno\dev\utn\test\workspace\lpc_chip_175x_6x\Debug\liblpc_chip_175x_6x.a(uart_17xx_40xx.o)
                0x000013d0                Chip_UART_Init
 .text.Chip_UART_TXEnable
                0x00001448       0x18 C:\Users\Bruno\dev\utn\test\workspace\lpc_chip_175x_6x\Debug\liblpc_chip_175x_6x.a(uart_17xx_40xx.o)
                0x00001448                Chip_UART_TXEnable
 .text.Chip_UART_TXDisable
                0x00001460       0x18 C:\Users\Bruno\dev\utn\test\workspace\lpc_chip_175x_6x\Debug\liblpc_chip_175x_6x.a(uart_17xx_40xx.o)
                0x00001460                Chip_UART_TXDisable
 .text.Chip_UART_SetBaud
                0x00001478       0x62 C:\Users\Bruno\dev\utn\test\workspace\lpc_chip_175x_6x\Debug\liblpc_chip_175x_6x.a(uart_17xx_40xx.o)
                0x00001478                Chip_UART_SetBaud
 *fill*         0x000014da        0x2 ff
 .text.arm_float_to_q31
                0x000014dc      0x148 C:\Users\Bruno\dev\utn\test\workspace\CMSIS_DSPLIB_CM3\lib\libCMSIS_DSPLIB_CM3.a(arm_float_to_q31.o)
                0x000014dc                arm_float_to_q31
 .text.arm_max_f32
                0x00001624      0x228 C:\Users\Bruno\dev\utn\test\workspace\CMSIS_DSPLIB_CM3\lib\libCMSIS_DSPLIB_CM3.a(arm_max_f32.o)
                0x00001624                arm_max_f32
 .text.arm_biquad_cascade_df1_init_q31
                0x0000184c       0x20 C:\Users\Bruno\dev\utn\test\workspace\CMSIS_DSPLIB_CM3\lib\libCMSIS_DSPLIB_CM3.a(arm_biquad_cascade_df1_init_q31.o)
                0x0000184c                arm_biquad_cascade_df1_init_q31
 .text.arm_biquad_cascade_df1_q31
                0x0000186c      0x2c0 C:\Users\Bruno\dev\utn\test\workspace\CMSIS_DSPLIB_CM3\lib\libCMSIS_DSPLIB_CM3.a(arm_biquad_cascade_df1_q31.o)
                0x0000186c                arm_biquad_cascade_df1_q31
 .text.arm_fir_init_q31
                0x00001b2c       0x24 C:\Users\Bruno\dev\utn\test\workspace\CMSIS_DSPLIB_CM3\lib\libCMSIS_DSPLIB_CM3.a(arm_fir_init_q31.o)
                0x00001b2c                arm_fir_init_q31
 .text.arm_fir_q31
                0x00001b50      0x4f0 C:\Users\Bruno\dev\utn\test\workspace\CMSIS_DSPLIB_CM3\lib\libCMSIS_DSPLIB_CM3.a(arm_fir_q31.o)
                0x00001b50                arm_fir_q31
 .text.arm_scale_f32
                0x00002040      0x194 C:\Users\Bruno\dev\utn\test\workspace\CMSIS_DSPLIB_CM3\lib\libCMSIS_DSPLIB_CM3.a(arm_scale_f32.o)
                0x00002040                arm_scale_f32
 .text.memset   0x000021d4        0x4 c:/nxp/mcuxpressoide_11.8.0_1165/ide/plugins/com.nxp.mcuxpresso.tools.win32_11.8.0.202306131047/tools/bin/../lib/gcc/arm-none-eabi/12.2.1/../../../../arm-none-eabi/lib/thumb/v7-m/nofp\libcr_c.a(memset.o)
                0x000021d4                memset
 .text.__weak_main
                0x000021d8        0x4 c:/nxp/mcuxpressoide_11.8.0_1165/ide/plugins/com.nxp.mcuxpresso.tools.win32_11.8.0.202306131047/tools/bin/../lib/gcc/arm-none-eabi/12.2.1/../../../../arm-none-eabi/lib/thumb/v7-m/nofp\libcr_c.a(__weak__main.o)
                0x000021d8                __weak_main
                0x000021d8                __main
 .text.__aeabi_fmul
                0x000021dc       0xac c:/nxp/mcuxpressoide_11.8.0_1165/ide/plugins/com.nxp.mcuxpresso.tools.win32_11.8.0.202306131047/tools/bin/../lib/gcc/arm-none-eabi/12.2.1/thumb/v7-m/nofp\libcr_eabihelpers.a(float.o)
                0x000021dc                __aeabi_fmul
 .text.__aeabi_fdiv
                0x00002288       0xbc c:/nxp/mcuxpressoide_11.8.0_1165/ide/plugins/com.nxp.mcuxpresso.tools.win32_11.8.0.202306131047/tools/bin/../lib/gcc/arm-none-eabi/12.2.1/thumb/v7-m/nofp\libcr_eabihelpers.a(float.o)
                0x00002288                __aeabi_fdiv
 .text.__aeabi_f2uiz
                0x00002344       0x2a c:/nxp/mcuxpressoide_11.8.0_1165/ide/plugins/com.nxp.mcuxpresso.tools.win32_11.8.0.202306131047/tools/bin/../lib/gcc/arm-none-eabi/12.2.1/thumb/v7-m/nofp\libcr_eabihelpers.a(float.o)
                0x00002344                __aeabi_f2uiz
 .text.__aeabi_f2lz
                0x0000236e       0x68 c:/nxp/mcuxpressoide_11.8.0_1165/ide/plugins/com.nxp.mcuxpresso.tools.win32_11.8.0.202306131047/tools/bin/../lib/gcc/arm-none-eabi/12.2.1/thumb/v7-m/nofp\libcr_eabihelpers.a(float.o)
                0x0000236e                __aeabi_f2lz
 .text.__bhs_ui2f
                0x000023d6       0x26 c:/nxp/mcuxpressoide_11.8.0_1165/ide/plugins/com.nxp.mcuxpresso.tools.win32_11.8.0.202306131047/tools/bin/../lib/gcc/arm-none-eabi/12.2.1/thumb/v7-m/nofp\libcr_eabihelpers.a(float.o)
                0x000023d6                __bhs_ui2f
 .text.__aeabi_i2f
                0x000023fc       0x10 c:/nxp/mcuxpressoide_11.8.0_1165/ide/plugins/com.nxp.mcuxpresso.tools.win32_11.8.0.202306131047/tools/bin/../lib/gcc/arm-none-eabi/12.2.1/thumb/v7-m/nofp\libcr_eabihelpers.a(float.o)
                0x000023fc                __aeabi_i2f
 .text.__aeabi_fcmplt
                0x0000240c       0x3a c:/nxp/mcuxpressoide_11.8.0_1165/ide/plugins/com.nxp.mcuxpresso.tools.win32_11.8.0.202306131047/tools/bin/../lib/gcc/arm-none-eabi/12.2.1/thumb/v7-m/nofp\libcr_eabihelpers.a(float.o)
                0x0000240c                __aeabi_fcmplt
 .text.__aeabi_fcmpge
                0x00002446       0x3e c:/nxp/mcuxpressoide_11.8.0_1165/ide/plugins/com.nxp.mcuxpresso.tools.win32_11.8.0.202306131047/tools/bin/../lib/gcc/arm-none-eabi/12.2.1/thumb/v7-m/nofp\libcr_eabihelpers.a(float.o)
                0x00002446                __aeabi_fcmpge
 .text.__aeabi_memset_lowlevel
                0x00002484       0x32 c:/nxp/mcuxpressoide_11.8.0_1165/ide/plugins/com.nxp.mcuxpresso.tools.win32_11.8.0.202306131047/tools/bin/../lib/gcc/arm-none-eabi/12.2.1/thumb/v7-m/nofp\libcr_eabihelpers.a(memcpy.o)
                0x00002484                __aeabi_lowlevel_memset
 *(.rodata .rodata.* .constdata .constdata.*)
 *fill*         0x000024b6        0x2 ff
 .rodata.OscRateIn
                0x000024b8        0x4 C:\Users\Bruno\dev\utn\test\workspace\lpc_board_nxp_lpcxpresso_1769\Debug\liblpc_board_nxp_lpcxpresso_1769.a(board.o)
                0x000024b8                OscRateIn
 .rodata.RTCOscRateIn
                0x000024bc        0x4 C:\Users\Bruno\dev\utn\test\workspace\lpc_board_nxp_lpcxpresso_1769\Debug\liblpc_board_nxp_lpcxpresso_1769.a(board.o)
                0x000024bc                RTCOscRateIn
 .rodata.pinmuxing
                0x000024c0       0x5c C:\Users\Bruno\dev\utn\test\workspace\lpc_board_nxp_lpcxpresso_1769\Debug\liblpc_board_nxp_lpcxpresso_1769.a(board_sysinit.o)
                0x0000251c                . = ALIGN (0x4)

.glue_7         0x0000251c        0x0
 .glue_7        0x0000251c        0x0 linker stubs

.glue_7t        0x0000251c        0x0
 .glue_7t       0x0000251c        0x0 linker stubs

.vfp11_veneer   0x0000251c        0x0
 .vfp11_veneer  0x0000251c        0x0 linker stubs

.v4_bx          0x0000251c        0x0
 .v4_bx         0x0000251c        0x0 linker stubs

.iplt           0x0000251c        0x0
 .iplt          0x0000251c        0x0 ./src/ADCMSIS.o

.rel.dyn        0x0000251c        0x0
 .rel.iplt      0x0000251c        0x0 ./src/ADCMSIS.o

.ARM.extab
 *(.ARM.extab* .gnu.linkonce.armextab.*)

.ARM.exidx      0x0000251c        0x0
                0x0000251c                __exidx_start = .
 *(.ARM.exidx* .gnu.linkonce.armexidx.*)
                0x0000251c                __exidx_end = .
                0x0000251c                _etext = .

.data_RAM2      0x2007c000        0x0 load address 0x0000251c
 FILL mask 0xff
                [!provide]                PROVIDE (__start_data_RAM2 = .)
                [!provide]                PROVIDE (__start_data_RamAHB32 = .)
 *(.ramfunc.$RAM2)
 *(.ramfunc.$RamAHB32)
 *(.data.$RAM2)
 *(.data.$RamAHB32)
 *(.data.$RAM2.*)
 *(.data.$RamAHB32.*)
                0x2007c000                . = ALIGN (0x4)
                [!provide]                PROVIDE (__end_data_RAM2 = .)
                [!provide]                PROVIDE (__end_data_RamAHB32 = .)

.uninit_RESERVED
                0x10000000        0x0
                0x10000000                _start_uninit_RESERVED = .
 *(.bss.$RESERVED*)
                0x10000000                . = ALIGN (0x4)
                0x10000000                _end_uninit_RESERVED = .

.data           0x10000000      0x2b0 load address 0x0000251c
 FILL mask 0xff
                0x10000000                _data = .
                [!provide]                PROVIDE (__start_data_RAM = .)
                [!provide]                PROVIDE (__start_data_RamLoc32 = .)
 *(vtable)
 *(.ramfunc*)
 *(CodeQuickAccess)
 *(DataQuickAccess)
 *(RamFunction)
 *(.data*)
 .data.filter   0x10000000        0x1 ./src/ADCMSIS.o
                0x10000000                filter
 *fill*         0x10000001        0x3 ff
 .data.float_fir_taps
                0x10000004      0x25c ./src/filter.o
                0x10000004                float_fir_taps
 .data.float_iir_taps
                0x10000260       0x50 ./src/filter.o
                0x10000260                float_iir_taps
                0x100002b0                . = ALIGN (0x4)
                0x100002b0                _edata = .
                [!provide]                PROVIDE (__end_data_RAM = .)
                [!provide]                PROVIDE (__end_data_RamLoc32 = .)

.igot.plt       0x100002b0        0x0 load address 0x000027cc
 .igot.plt      0x100002b0        0x0 ./src/ADCMSIS.o

.bss_RAM2       0x2007c000        0x0
                [!provide]                PROVIDE (__start_bss_RAM2 = .)
                [!provide]                PROVIDE (__start_bss_RamAHB32 = .)
 *(.bss.$RAM2)
 *(.bss.$RamAHB32)
 *(.bss.$RAM2.*)
 *(.bss.$RamAHB32.*)
                0x2007c000                . = ALIGN ((. != 0x0)?0x4:0x1)
                [!provide]                PROVIDE (__end_bss_RAM2 = .)
                [!provide]                PROVIDE (__end_bss_RamAHB32 = .)

.bss            0x100002b0     0x6578
                0x100002b0                _bss = .
                [!provide]                PROVIDE (__start_bss_RAM = .)
                [!provide]                PROVIDE (__start_bss_RamLoc32 = .)
 *(.bss*)
 .bss.SFIR      0x100002b0        0xc ./src/ADCMSIS.o
                0x100002b0                SFIR
 .bss.SIIR      0x100002bc       0x10 ./src/ADCMSIS.o
                0x100002bc                SIIR
 .bss.fir_state
                0x100002cc     0x1258 ./src/ADCMSIS.o
                0x100002cc                fir_state
 .bss.iir_state
                0x10001524     0x104c ./src/ADCMSIS.o
                0x10001524                iir_state
 .bss.InputA    0x10002570     0x1000 ./src/ADCMSIS.o
                0x10002570                InputA
 .bss.InputB    0x10003570     0x1000 ./src/ADCMSIS.o
                0x10003570                InputB
 .bss.OutputA   0x10004570     0x1000 ./src/ADCMSIS.o
                0x10004570                OutputA
 .bss.OutputB   0x10005570     0x1000 ./src/ADCMSIS.o
                0x10005570                OutputB
 .bss.estado    0x10006570        0x1 ./src/adc.o
                0x10006570                estado
 .bss.procesar  0x10006571        0x1 ./src/adc.o
                0x10006571                procesar
 .bss.data.1    0x10006572        0x2 ./src/adc.o
 .bss.index.0   0x10006574        0x2 ./src/adc.o
 *fill*         0x10006576        0x2 
 .bss.fir_taps  0x10006578      0x25c ./src/filter.o
                0x10006578                fir_taps
 .bss.iir_taps  0x100067d4       0x50 ./src/filter.o
                0x100067d4                iir_taps
 .bss.SystemCoreClock
                0x10006824        0x4 C:\Users\Bruno\dev\utn\test\workspace\lpc_chip_175x_6x\Debug\liblpc_chip_175x_6x.a(chip_17xx_40xx.o)
                0x10006824                SystemCoreClock
 *(COMMON)
                0x10006828                . = ALIGN (0x4)
                0x10006828                _ebss = .
                [!provide]                PROVIDE (__end_bss_RAM = .)
                [!provide]                PROVIDE (__end_bss_RamLoc32 = .)
                [!provide]                PROVIDE (end = .)

.noinit_RAM2    0x2007c000        0x0
                [!provide]                PROVIDE (__start_noinit_RAM2 = .)
                [!provide]                PROVIDE (__start_noinit_RamAHB32 = .)
 *(.noinit.$RAM2)
 *(.noinit.$RamAHB32)
 *(.noinit.$RAM2.*)
 *(.noinit.$RamAHB32.*)
                0x2007c000                . = ALIGN (0x4)
                [!provide]                PROVIDE (__end_noinit_RAM2 = .)
                [!provide]                PROVIDE (__end_noinit_RamAHB32 = .)

.noinit         0x10006828        0x0
                0x10006828                _noinit = .
                [!provide]                PROVIDE (__start_noinit_RAM = .)
                [!provide]                PROVIDE (__start_noinit_RamLoc32 = .)
 *(.noinit*)
                0x10006828                . = ALIGN (0x4)
                0x10006828                _end_noinit = .
                [!provide]                PROVIDE (__end_noinit_RAM = .)
                [!provide]                PROVIDE (__end_noinit_RamLoc32 = .)
                [!provide]                PROVIDE (_pvHeapStart = DEFINED (__user_heap_base)?__user_heap_base:.)
                0x10008000                PROVIDE (_vStackTop = DEFINED (__user_stack_top)?__user_stack_top:(__top_RamLoc32 - 0x0))
                0xefff749e                PROVIDE (__valid_user_code_checksum = (0x0 - ((((((_vStackTop + (ResetISR + 0x1)) + (NMI_Handler + 0x1)) + (HardFault_Handler + 0x1)) + (DEFINED (MemManage_Handler)?MemManage_Handler:0x0 + 0x1)) + (DEFINED (BusFault_Handler)?BusFault_Handler:0x0 + 0x1)) + (DEFINED (UsageFault_Handler)?UsageFault_Handler:0x0 + 0x1))))
                0x00000000                _image_start = LOADADDR (.text)
                0x000027cc                _image_end = (LOADADDR (.data) + SIZEOF (.data))
                0x000027cc                _image_size = (_image_end - _image_start)
OUTPUT(ADCMSIS.axf elf32-littlearm)
LOAD linker stubs

.debug_info     0x00000000     0x69f4
 .debug_info    0x00000000      0x511 ./src/ADCMSIS.o
 .debug_info    0x00000511      0x6f6 ./src/adc.o
 .debug_info    0x00000c07      0x275 ./src/cr_startup_lpc175x_6x.o
 .debug_info    0x00000e7c       0x3d ./src/crp.o
 .debug_info    0x00000eb9      0x12c ./src/dac.o
 .debug_info    0x00000fe5      0x14b ./src/filter.o
 .debug_info    0x00001130       0xc0 ./src/sysinit.o
 .debug_info    0x000011f0     0x1523 C:\Users\Bruno\dev\utn\test\workspace\lpc_board_nxp_lpcxpresso_1769\Debug\liblpc_board_nxp_lpcxpresso_1769.a(board.o)
 .debug_info    0x00002713      0x58c C:\Users\Bruno\dev\utn\test\workspace\lpc_board_nxp_lpcxpresso_1769\Debug\liblpc_board_nxp_lpcxpresso_1769.a(board_sysinit.o)
 .debug_info    0x00002c9f      0x88b C:\Users\Bruno\dev\utn\test\workspace\lpc_chip_175x_6x\Debug\liblpc_chip_175x_6x.a(adc_17xx_40xx.o)
 .debug_info    0x0000352a      0x553 C:\Users\Bruno\dev\utn\test\workspace\lpc_chip_175x_6x\Debug\liblpc_chip_175x_6x.a(chip_17xx_40xx.o)
 .debug_info    0x00003a7d      0xb29 C:\Users\Bruno\dev\utn\test\workspace\lpc_chip_175x_6x\Debug\liblpc_chip_175x_6x.a(clock_17xx_40xx.o)
 .debug_info    0x000045a6      0x1a2 C:\Users\Bruno\dev\utn\test\workspace\lpc_chip_175x_6x\Debug\liblpc_chip_175x_6x.a(dac_17xx_40xx.o)
 .debug_info    0x00004748      0x2a2 C:\Users\Bruno\dev\utn\test\workspace\lpc_chip_175x_6x\Debug\liblpc_chip_175x_6x.a(iocon_17xx_40xx.o)
 .debug_info    0x000049ea      0x467 C:\Users\Bruno\dev\utn\test\workspace\lpc_chip_175x_6x\Debug\liblpc_chip_175x_6x.a(sysinit_17xx_40xx.o)
 .debug_info    0x00004e51      0xf6c C:\Users\Bruno\dev\utn\test\workspace\lpc_chip_175x_6x\Debug\liblpc_chip_175x_6x.a(uart_17xx_40xx.o)
 .debug_info    0x00005dbd      0x1d7 C:\Users\Bruno\dev\utn\test\workspace\CMSIS_DSPLIB_CM3\lib\libCMSIS_DSPLIB_CM3.a(arm_float_to_q31.o)
 .debug_info    0x00005f94      0x14e C:\Users\Bruno\dev\utn\test\workspace\CMSIS_DSPLIB_CM3\lib\libCMSIS_DSPLIB_CM3.a(arm_max_f32.o)
 .debug_info    0x000060e2      0x173 C:\Users\Bruno\dev\utn\test\workspace\CMSIS_DSPLIB_CM3\lib\libCMSIS_DSPLIB_CM3.a(arm_biquad_cascade_df1_init_q31.o)
 .debug_info    0x00006255      0x2b5 C:\Users\Bruno\dev\utn\test\workspace\CMSIS_DSPLIB_CM3\lib\libCMSIS_DSPLIB_CM3.a(arm_biquad_cascade_df1_q31.o)
 .debug_info    0x0000650a      0x159 C:\Users\Bruno\dev\utn\test\workspace\CMSIS_DSPLIB_CM3\lib\libCMSIS_DSPLIB_CM3.a(arm_fir_init_q31.o)
 .debug_info    0x00006663      0x260 C:\Users\Bruno\dev\utn\test\workspace\CMSIS_DSPLIB_CM3\lib\libCMSIS_DSPLIB_CM3.a(arm_fir_q31.o)
 .debug_info    0x000068c3      0x131 C:\Users\Bruno\dev\utn\test\workspace\CMSIS_DSPLIB_CM3\lib\libCMSIS_DSPLIB_CM3.a(arm_scale_f32.o)

.debug_abbrev   0x00000000     0x2060
 .debug_abbrev  0x00000000      0x170 ./src/ADCMSIS.o
 .debug_abbrev  0x00000170      0x1f8 ./src/adc.o
 .debug_abbrev  0x00000368      0x164 ./src/cr_startup_lpc175x_6x.o
 .debug_abbrev  0x000004cc       0x35 ./src/crp.o
 .debug_abbrev  0x00000501       0xdf ./src/dac.o
 .debug_abbrev  0x000005e0       0x81 ./src/filter.o
 .debug_abbrev  0x00000661       0x8a ./src/sysinit.o
 .debug_abbrev  0x000006eb      0x46b C:\Users\Bruno\dev\utn\test\workspace\lpc_board_nxp_lpcxpresso_1769\Debug\liblpc_board_nxp_lpcxpresso_1769.a(board.o)
 .debug_abbrev  0x00000b56      0x191 C:\Users\Bruno\dev\utn\test\workspace\lpc_board_nxp_lpcxpresso_1769\Debug\liblpc_board_nxp_lpcxpresso_1769.a(board_sysinit.o)
 .debug_abbrev  0x00000ce7      0x217 C:\Users\Bruno\dev\utn\test\workspace\lpc_chip_175x_6x\Debug\liblpc_chip_175x_6x.a(adc_17xx_40xx.o)
 .debug_abbrev  0x00000efe      0x1a2 C:\Users\Bruno\dev\utn\test\workspace\lpc_chip_175x_6x\Debug\liblpc_chip_175x_6x.a(chip_17xx_40xx.o)
 .debug_abbrev  0x000010a0      0x33c C:\Users\Bruno\dev\utn\test\workspace\lpc_chip_175x_6x\Debug\liblpc_chip_175x_6x.a(clock_17xx_40xx.o)
 .debug_abbrev  0x000013dc       0xf5 C:\Users\Bruno\dev\utn\test\workspace\lpc_chip_175x_6x\Debug\liblpc_chip_175x_6x.a(dac_17xx_40xx.o)
 .debug_abbrev  0x000014d1      0x134 C:\Users\Bruno\dev\utn\test\workspace\lpc_chip_175x_6x\Debug\liblpc_chip_175x_6x.a(iocon_17xx_40xx.o)
 .debug_abbrev  0x00001605      0x1a9 C:\Users\Bruno\dev\utn\test\workspace\lpc_chip_175x_6x\Debug\liblpc_chip_175x_6x.a(sysinit_17xx_40xx.o)
 .debug_abbrev  0x000017ae      0x382 C:\Users\Bruno\dev\utn\test\workspace\lpc_chip_175x_6x\Debug\liblpc_chip_175x_6x.a(uart_17xx_40xx.o)
 .debug_abbrev  0x00001b30       0xed C:\Users\Bruno\dev\utn\test\workspace\CMSIS_DSPLIB_CM3\lib\libCMSIS_DSPLIB_CM3.a(arm_float_to_q31.o)
 .debug_abbrev  0x00001c1d       0x95 C:\Users\Bruno\dev\utn\test\workspace\CMSIS_DSPLIB_CM3\lib\libCMSIS_DSPLIB_CM3.a(arm_max_f32.o)
 .debug_abbrev  0x00001cb2       0xb1 C:\Users\Bruno\dev\utn\test\workspace\CMSIS_DSPLIB_CM3\lib\libCMSIS_DSPLIB_CM3.a(arm_biquad_cascade_df1_init_q31.o)
 .debug_abbrev  0x00001d63       0xd6 C:\Users\Bruno\dev\utn\test\workspace\CMSIS_DSPLIB_CM3\lib\libCMSIS_DSPLIB_CM3.a(arm_biquad_cascade_df1_q31.o)
 .debug_abbrev  0x00001e39       0xb1 C:\Users\Bruno\dev\utn\test\workspace\CMSIS_DSPLIB_CM3\lib\libCMSIS_DSPLIB_CM3.a(arm_fir_init_q31.o)
 .debug_abbrev  0x00001eea       0xd6 C:\Users\Bruno\dev\utn\test\workspace\CMSIS_DSPLIB_CM3\lib\libCMSIS_DSPLIB_CM3.a(arm_fir_q31.o)
 .debug_abbrev  0x00001fc0       0xa0 C:\Users\Bruno\dev\utn\test\workspace\CMSIS_DSPLIB_CM3\lib\libCMSIS_DSPLIB_CM3.a(arm_scale_f32.o)

.debug_aranges  0x00000000      0x790
 .debug_aranges
                0x00000000       0x20 ./src/ADCMSIS.o
 .debug_aranges
                0x00000020       0x30 ./src/adc.o
 .debug_aranges
                0x00000050       0x80 ./src/cr_startup_lpc175x_6x.o
 .debug_aranges
                0x000000d0       0x18 ./src/crp.o
 .debug_aranges
                0x000000e8       0x28 ./src/dac.o
 .debug_aranges
                0x00000110       0x18 ./src/filter.o
 .debug_aranges
                0x00000128       0x20 ./src/sysinit.o
 .debug_aranges
                0x00000148      0x160 C:\Users\Bruno\dev\utn\test\workspace\lpc_board_nxp_lpcxpresso_1769\Debug\liblpc_board_nxp_lpcxpresso_1769.a(board.o)
 .debug_aranges
                0x000002a8       0x38 C:\Users\Bruno\dev\utn\test\workspace\lpc_board_nxp_lpcxpresso_1769\Debug\liblpc_board_nxp_lpcxpresso_1769.a(board_sysinit.o)
 .debug_aranges
                0x000002e0       0x88 C:\Users\Bruno\dev\utn\test\workspace\lpc_chip_175x_6x\Debug\liblpc_chip_175x_6x.a(adc_17xx_40xx.o)
 .debug_aranges
                0x00000368       0x38 C:\Users\Bruno\dev\utn\test\workspace\lpc_chip_175x_6x\Debug\liblpc_chip_175x_6x.a(chip_17xx_40xx.o)
 .debug_aranges
                0x000003a0      0x120 C:\Users\Bruno\dev\utn\test\workspace\lpc_chip_175x_6x\Debug\liblpc_chip_175x_6x.a(clock_17xx_40xx.o)
 .debug_aranges
                0x000004c0       0x38 C:\Users\Bruno\dev\utn\test\workspace\lpc_chip_175x_6x\Debug\liblpc_chip_175x_6x.a(dac_17xx_40xx.o)
 .debug_aranges
                0x000004f8       0x30 C:\Users\Bruno\dev\utn\test\workspace\lpc_chip_175x_6x\Debug\liblpc_chip_175x_6x.a(iocon_17xx_40xx.o)
 .debug_aranges
                0x00000528       0x60 C:\Users\Bruno\dev\utn\test\workspace\lpc_chip_175x_6x\Debug\liblpc_chip_175x_6x.a(sysinit_17xx_40xx.o)
 .debug_aranges
                0x00000588      0x128 C:\Users\Bruno\dev\utn\test\workspace\lpc_chip_175x_6x\Debug\liblpc_chip_175x_6x.a(uart_17xx_40xx.o)
 .debug_aranges
                0x000006b0       0x20 C:\Users\Bruno\dev\utn\test\workspace\CMSIS_DSPLIB_CM3\lib\libCMSIS_DSPLIB_CM3.a(arm_float_to_q31.o)
 .debug_aranges
                0x000006d0       0x20 C:\Users\Bruno\dev\utn\test\workspace\CMSIS_DSPLIB_CM3\lib\libCMSIS_DSPLIB_CM3.a(arm_max_f32.o)
 .debug_aranges
                0x000006f0       0x20 C:\Users\Bruno\dev\utn\test\workspace\CMSIS_DSPLIB_CM3\lib\libCMSIS_DSPLIB_CM3.a(arm_biquad_cascade_df1_init_q31.o)
 .debug_aranges
                0x00000710       0x20 C:\Users\Bruno\dev\utn\test\workspace\CMSIS_DSPLIB_CM3\lib\libCMSIS_DSPLIB_CM3.a(arm_biquad_cascade_df1_q31.o)
 .debug_aranges
                0x00000730       0x20 C:\Users\Bruno\dev\utn\test\workspace\CMSIS_DSPLIB_CM3\lib\libCMSIS_DSPLIB_CM3.a(arm_fir_init_q31.o)
 .debug_aranges
                0x00000750       0x20 C:\Users\Bruno\dev\utn\test\workspace\CMSIS_DSPLIB_CM3\lib\libCMSIS_DSPLIB_CM3.a(arm_fir_q31.o)
 .debug_aranges
                0x00000770       0x20 C:\Users\Bruno\dev\utn\test\workspace\CMSIS_DSPLIB_CM3\lib\libCMSIS_DSPLIB_CM3.a(arm_scale_f32.o)

.debug_rnglists
                0x00000000      0x4a5
 .debug_rnglists
                0x00000000       0x14 ./src/ADCMSIS.o
 .debug_rnglists
                0x00000014       0x20 ./src/adc.o
 .debug_rnglists
                0x00000034       0x5b ./src/cr_startup_lpc175x_6x.o
 .debug_rnglists
                0x0000008f       0x19 ./src/dac.o
 .debug_rnglists
                0x000000a8       0x13 ./src/sysinit.o
 .debug_rnglists
                0x000000bb      0x106 C:\Users\Bruno\dev\utn\test\workspace\lpc_board_nxp_lpcxpresso_1769\Debug\liblpc_board_nxp_lpcxpresso_1769.a(board.o)
 .debug_rnglists
                0x000001c1       0x25 C:\Users\Bruno\dev\utn\test\workspace\lpc_board_nxp_lpcxpresso_1769\Debug\liblpc_board_nxp_lpcxpresso_1769.a(board_sysinit.o)
 .debug_rnglists
                0x000001e6       0x62 C:\Users\Bruno\dev\utn\test\workspace\lpc_chip_175x_6x\Debug\liblpc_chip_175x_6x.a(adc_17xx_40xx.o)
 .debug_rnglists
                0x00000248       0x25 C:\Users\Bruno\dev\utn\test\workspace\lpc_chip_175x_6x\Debug\liblpc_chip_175x_6x.a(chip_17xx_40xx.o)
 .debug_rnglists
                0x0000026d       0xd4 C:\Users\Bruno\dev\utn\test\workspace\lpc_chip_175x_6x\Debug\liblpc_chip_175x_6x.a(clock_17xx_40xx.o)
 .debug_rnglists
                0x00000341       0x25 C:\Users\Bruno\dev\utn\test\workspace\lpc_chip_175x_6x\Debug\liblpc_chip_175x_6x.a(dac_17xx_40xx.o)
 .debug_rnglists
                0x00000366       0x20 C:\Users\Bruno\dev\utn\test\workspace\lpc_chip_175x_6x\Debug\liblpc_chip_175x_6x.a(iocon_17xx_40xx.o)
 .debug_rnglists
                0x00000386       0x44 C:\Users\Bruno\dev\utn\test\workspace\lpc_chip_175x_6x\Debug\liblpc_chip_175x_6x.a(sysinit_17xx_40xx.o)
 .debug_rnglists
                0x000003ca       0xdb C:\Users\Bruno\dev\utn\test\workspace\lpc_chip_175x_6x\Debug\liblpc_chip_175x_6x.a(uart_17xx_40xx.o)

.debug_line     0x00000000     0x6941
 .debug_line    0x00000000      0x2f5 ./src/ADCMSIS.o
 .debug_line    0x000002f5      0x2b9 ./src/adc.o
 .debug_line    0x000005ae      0x162 ./src/cr_startup_lpc175x_6x.o
 .debug_line    0x00000710       0x2d ./src/crp.o
 .debug_line    0x0000073d      0x12a ./src/dac.o
 .debug_line    0x00000867      0x13c ./src/filter.o
 .debug_line    0x000009a3       0xac ./src/sysinit.o
 .debug_line    0x00000a4f      0xa78 C:\Users\Bruno\dev\utn\test\workspace\lpc_board_nxp_lpcxpresso_1769\Debug\liblpc_board_nxp_lpcxpresso_1769.a(board.o)
 .debug_line    0x000014c7      0x545 C:\Users\Bruno\dev\utn\test\workspace\lpc_board_nxp_lpcxpresso_1769\Debug\liblpc_board_nxp_lpcxpresso_1769.a(board_sysinit.o)
 .debug_line    0x00001a0c      0x6ba C:\Users\Bruno\dev\utn\test\workspace\lpc_chip_175x_6x\Debug\liblpc_chip_175x_6x.a(adc_17xx_40xx.o)
 .debug_line    0x000020c6      0x4fc C:\Users\Bruno\dev\utn\test\workspace\lpc_chip_175x_6x\Debug\liblpc_chip_175x_6x.a(chip_17xx_40xx.o)
 .debug_line    0x000025c2      0x961 C:\Users\Bruno\dev\utn\test\workspace\lpc_chip_175x_6x\Debug\liblpc_chip_175x_6x.a(clock_17xx_40xx.o)
 .debug_line    0x00002f23      0x4cb C:\Users\Bruno\dev\utn\test\workspace\lpc_chip_175x_6x\Debug\liblpc_chip_175x_6x.a(dac_17xx_40xx.o)
 .debug_line    0x000033ee      0x526 C:\Users\Bruno\dev\utn\test\workspace\lpc_chip_175x_6x\Debug\liblpc_chip_175x_6x.a(iocon_17xx_40xx.o)
 .debug_line    0x00003914      0x5d7 C:\Users\Bruno\dev\utn\test\workspace\lpc_chip_175x_6x\Debug\liblpc_chip_175x_6x.a(sysinit_17xx_40xx.o)
 .debug_line    0x00003eeb      0xa3c C:\Users\Bruno\dev\utn\test\workspace\lpc_chip_175x_6x\Debug\liblpc_chip_175x_6x.a(uart_17xx_40xx.o)
 .debug_line    0x00004927      0x46b C:\Users\Bruno\dev\utn\test\workspace\CMSIS_DSPLIB_CM3\lib\libCMSIS_DSPLIB_CM3.a(arm_float_to_q31.o)
 .debug_line    0x00004d92      0x499 C:\Users\Bruno\dev\utn\test\workspace\CMSIS_DSPLIB_CM3\lib\libCMSIS_DSPLIB_CM3.a(arm_max_f32.o)
 .debug_line    0x0000522b      0x3e2 C:\Users\Bruno\dev\utn\test\workspace\CMSIS_DSPLIB_CM3\lib\libCMSIS_DSPLIB_CM3.a(arm_biquad_cascade_df1_init_q31.o)
 .debug_line    0x0000560d      0x50a C:\Users\Bruno\dev\utn\test\workspace\CMSIS_DSPLIB_CM3\lib\libCMSIS_DSPLIB_CM3.a(arm_biquad_cascade_df1_q31.o)
 .debug_line    0x00005b17      0x3cc C:\Users\Bruno\dev\utn\test\workspace\CMSIS_DSPLIB_CM3\lib\libCMSIS_DSPLIB_CM3.a(arm_fir_init_q31.o)
 .debug_line    0x00005ee3      0x60d C:\Users\Bruno\dev\utn\test\workspace\CMSIS_DSPLIB_CM3\lib\libCMSIS_DSPLIB_CM3.a(arm_fir_q31.o)
 .debug_line    0x000064f0      0x451 C:\Users\Bruno\dev\utn\test\workspace\CMSIS_DSPLIB_CM3\lib\libCMSIS_DSPLIB_CM3.a(arm_scale_f32.o)

.debug_str      0x00000000    0x13f32
 .debug_str     0x00000000      0x4b9 ./src/ADCMSIS.o
                                0x575 (size before relaxing)
 .debug_str     0x000004b9      0x425 ./src/adc.o
                                0x81c (size before relaxing)
 .debug_str     0x000008de      0x1a7 ./src/cr_startup_lpc175x_6x.o
                                0x2c0 (size before relaxing)
 .debug_str     0x00000a85       0x16 ./src/crp.o
                                0x11e (size before relaxing)
 .debug_str     0x00000a9b       0x41 ./src/dac.o
                                0x1f1 (size before relaxing)
 .debug_str     0x00000adc       0x10 ./src/filter.o
                                0x1cc (size before relaxing)
 .debug_str     0x00000aec       0x2c ./src/sysinit.o
                                0x1d5 (size before relaxing)
 .debug_str     0x00000b18    0x11ed7 C:\Users\Bruno\dev\utn\test\workspace\lpc_board_nxp_lpcxpresso_1769\Debug\liblpc_board_nxp_lpcxpresso_1769.a(board.o)
                              0x12232 (size before relaxing)
 .debug_str     0x000129ef      0x24b C:\Users\Bruno\dev\utn\test\workspace\lpc_board_nxp_lpcxpresso_1769\Debug\liblpc_board_nxp_lpcxpresso_1769.a(board_sysinit.o)
                              0x116ca (size before relaxing)
 .debug_str     0x00012c3a      0x4ff C:\Users\Bruno\dev\utn\test\workspace\lpc_chip_175x_6x\Debug\liblpc_chip_175x_6x.a(adc_17xx_40xx.o)
                              0x116ba (size before relaxing)
 .debug_str     0x00013139       0xc6 C:\Users\Bruno\dev\utn\test\workspace\lpc_chip_175x_6x\Debug\liblpc_chip_175x_6x.a(chip_17xx_40xx.o)
                              0x1141d (size before relaxing)
 .debug_str     0x000131ff      0x546 C:\Users\Bruno\dev\utn\test\workspace\lpc_chip_175x_6x\Debug\liblpc_chip_175x_6x.a(clock_17xx_40xx.o)
                              0x11a18 (size before relaxing)
 .debug_str     0x00013745       0x93 C:\Users\Bruno\dev\utn\test\workspace\lpc_chip_175x_6x\Debug\liblpc_chip_175x_6x.a(dac_17xx_40xx.o)
                              0x10e55 (size before relaxing)
 .debug_str     0x000137d8       0x4a C:\Users\Bruno\dev\utn\test\workspace\lpc_chip_175x_6x\Debug\liblpc_chip_175x_6x.a(iocon_17xx_40xx.o)
                              0x10e7e (size before relaxing)
 .debug_str     0x00013822       0xad C:\Users\Bruno\dev\utn\test\workspace\lpc_chip_175x_6x\Debug\liblpc_chip_175x_6x.a(sysinit_17xx_40xx.o)
                              0x110d1 (size before relaxing)
 .debug_str     0x000138cf      0x39d C:\Users\Bruno\dev\utn\test\workspace\lpc_chip_175x_6x\Debug\liblpc_chip_175x_6x.a(uart_17xx_40xx.o)
                              0x1197d (size before relaxing)
 .debug_str     0x00013c6c       0xf6 C:\Users\Bruno\dev\utn\test\workspace\CMSIS_DSPLIB_CM3\lib\libCMSIS_DSPLIB_CM3.a(arm_float_to_q31.o)
                                0x1af (size before relaxing)
 .debug_str     0x00013d62       0x59 C:\Users\Bruno\dev\utn\test\workspace\CMSIS_DSPLIB_CM3\lib\libCMSIS_DSPLIB_CM3.a(arm_max_f32.o)
                                0x1a5 (size before relaxing)
 .debug_str     0x00013dbb       0x44 C:\Users\Bruno\dev\utn\test\workspace\CMSIS_DSPLIB_CM3\lib\libCMSIS_DSPLIB_CM3.a(arm_biquad_cascade_df1_init_q31.o)
                                0x1db (size before relaxing)
 .debug_str     0x00013dff       0x6b C:\Users\Bruno\dev\utn\test\workspace\CMSIS_DSPLIB_CM3\lib\libCMSIS_DSPLIB_CM3.a(arm_biquad_cascade_df1_q31.o)
                                0x218 (size before relaxing)
 .debug_str     0x00013e6a       0x35 C:\Users\Bruno\dev\utn\test\workspace\CMSIS_DSPLIB_CM3\lib\libCMSIS_DSPLIB_CM3.a(arm_fir_init_q31.o)
                                0x1ad (size before relaxing)
 .debug_str     0x00013e9f       0x5b C:\Users\Bruno\dev\utn\test\workspace\CMSIS_DSPLIB_CM3\lib\libCMSIS_DSPLIB_CM3.a(arm_fir_q31.o)
                                0x1ed (size before relaxing)
 .debug_str     0x00013efa       0x38 C:\Users\Bruno\dev\utn\test\workspace\CMSIS_DSPLIB_CM3\lib\libCMSIS_DSPLIB_CM3.a(arm_scale_f32.o)
                                0x185 (size before relaxing)

.comment        0x00000000       0xb5
 .comment       0x00000000       0x45 ./src/ADCMSIS.o
                                 0x46 (size before relaxing)
 .comment       0x00000045       0x46 ./src/adc.o
 .comment       0x00000045       0x46 ./src/cr_startup_lpc175x_6x.o
 .comment       0x00000045       0x46 ./src/crp.o
 .comment       0x00000045       0x46 ./src/dac.o
 .comment       0x00000045       0x46 ./src/filter.o
 .comment       0x00000045       0x46 ./src/sysinit.o
 .comment       0x00000045       0x46 C:\Users\Bruno\dev\utn\test\workspace\lpc_board_nxp_lpcxpresso_1769\Debug\liblpc_board_nxp_lpcxpresso_1769.a(board.o)
 .comment       0x00000045       0x46 C:\Users\Bruno\dev\utn\test\workspace\lpc_board_nxp_lpcxpresso_1769\Debug\liblpc_board_nxp_lpcxpresso_1769.a(board_sysinit.o)
 .comment       0x00000045       0x46 C:\Users\Bruno\dev\utn\test\workspace\lpc_chip_175x_6x\Debug\liblpc_chip_175x_6x.a(adc_17xx_40xx.o)
 .comment       0x00000045       0x46 C:\Users\Bruno\dev\utn\test\workspace\lpc_chip_175x_6x\Debug\liblpc_chip_175x_6x.a(chip_17xx_40xx.o)
 .comment       0x00000045       0x46 C:\Users\Bruno\dev\utn\test\workspace\lpc_chip_175x_6x\Debug\liblpc_chip_175x_6x.a(clock_17xx_40xx.o)
 .comment       0x00000045       0x46 C:\Users\Bruno\dev\utn\test\workspace\lpc_chip_175x_6x\Debug\liblpc_chip_175x_6x.a(dac_17xx_40xx.o)
 .comment       0x00000045       0x46 C:\Users\Bruno\dev\utn\test\workspace\lpc_chip_175x_6x\Debug\liblpc_chip_175x_6x.a(iocon_17xx_40xx.o)
 .comment       0x00000045       0x46 C:\Users\Bruno\dev\utn\test\workspace\lpc_chip_175x_6x\Debug\liblpc_chip_175x_6x.a(sysinit_17xx_40xx.o)
 .comment       0x00000045       0x46 C:\Users\Bruno\dev\utn\test\workspace\lpc_chip_175x_6x\Debug\liblpc_chip_175x_6x.a(uart_17xx_40xx.o)
 .comment       0x00000045       0x70 C:\Users\Bruno\dev\utn\test\workspace\CMSIS_DSPLIB_CM3\lib\libCMSIS_DSPLIB_CM3.a(arm_float_to_q31.o)
                                 0x71 (size before relaxing)
 .comment       0x000000b5       0x71 C:\Users\Bruno\dev\utn\test\workspace\CMSIS_DSPLIB_CM3\lib\libCMSIS_DSPLIB_CM3.a(arm_max_f32.o)
 .comment       0x000000b5       0x71 C:\Users\Bruno\dev\utn\test\workspace\CMSIS_DSPLIB_CM3\lib\libCMSIS_DSPLIB_CM3.a(arm_biquad_cascade_df1_init_q31.o)
 .comment       0x000000b5       0x71 C:\Users\Bruno\dev\utn\test\workspace\CMSIS_DSPLIB_CM3\lib\libCMSIS_DSPLIB_CM3.a(arm_biquad_cascade_df1_q31.o)
 .comment       0x000000b5       0x71 C:\Users\Bruno\dev\utn\test\workspace\CMSIS_DSPLIB_CM3\lib\libCMSIS_DSPLIB_CM3.a(arm_fir_init_q31.o)
 .comment       0x000000b5       0x71 C:\Users\Bruno\dev\utn\test\workspace\CMSIS_DSPLIB_CM3\lib\libCMSIS_DSPLIB_CM3.a(arm_fir_q31.o)
 .comment       0x000000b5       0x71 C:\Users\Bruno\dev\utn\test\workspace\CMSIS_DSPLIB_CM3\lib\libCMSIS_DSPLIB_CM3.a(arm_scale_f32.o)
 .comment       0x000000b5       0x46 c:/nxp/mcuxpressoide_11.8.0_1165/ide/plugins/com.nxp.mcuxpresso.tools.win32_11.8.0.202306131047/tools/bin/../lib/gcc/arm-none-eabi/12.2.1/../../../../arm-none-eabi/lib/thumb/v7-m/nofp\libcr_c.a(memset.o)
 .comment       0x000000b5       0x46 c:/nxp/mcuxpressoide_11.8.0_1165/ide/plugins/com.nxp.mcuxpresso.tools.win32_11.8.0.202306131047/tools/bin/../lib/gcc/arm-none-eabi/12.2.1/../../../../arm-none-eabi/lib/thumb/v7-m/nofp\libcr_c.a(__weak__main.o)
 .comment       0x000000b5       0x46 c:/nxp/mcuxpressoide_11.8.0_1165/ide/plugins/com.nxp.mcuxpresso.tools.win32_11.8.0.202306131047/tools/bin/../lib/gcc/arm-none-eabi/12.2.1/thumb/v7-m/nofp\libcr_eabihelpers.a(float.o)

.ARM.attributes
                0x00000000       0x2b
 .ARM.attributes
                0x00000000       0x2d ./src/ADCMSIS.o
 .ARM.attributes
                0x0000002d       0x2d ./src/adc.o
 .ARM.attributes
                0x0000005a       0x2d ./src/cr_startup_lpc175x_6x.o
 .ARM.attributes
                0x00000087       0x2d ./src/crp.o
 .ARM.attributes
                0x000000b4       0x2d ./src/dac.o
 .ARM.attributes
                0x000000e1       0x2d ./src/filter.o
 .ARM.attributes
                0x0000010e       0x2d ./src/sysinit.o
 .ARM.attributes
                0x0000013b       0x2d C:\Users\Bruno\dev\utn\test\workspace\lpc_board_nxp_lpcxpresso_1769\Debug\liblpc_board_nxp_lpcxpresso_1769.a(board.o)
 .ARM.attributes
                0x00000168       0x2d C:\Users\Bruno\dev\utn\test\workspace\lpc_board_nxp_lpcxpresso_1769\Debug\liblpc_board_nxp_lpcxpresso_1769.a(board_sysinit.o)
 .ARM.attributes
                0x00000195       0x2d C:\Users\Bruno\dev\utn\test\workspace\lpc_chip_175x_6x\Debug\liblpc_chip_175x_6x.a(adc_17xx_40xx.o)
 .ARM.attributes
                0x000001c2       0x2d C:\Users\Bruno\dev\utn\test\workspace\lpc_chip_175x_6x\Debug\liblpc_chip_175x_6x.a(chip_17xx_40xx.o)
 .ARM.attributes
                0x000001ef       0x2d C:\Users\Bruno\dev\utn\test\workspace\lpc_chip_175x_6x\Debug\liblpc_chip_175x_6x.a(clock_17xx_40xx.o)
 .ARM.attributes
                0x0000021c       0x2d C:\Users\Bruno\dev\utn\test\workspace\lpc_chip_175x_6x\Debug\liblpc_chip_175x_6x.a(dac_17xx_40xx.o)
 .ARM.attributes
                0x00000249       0x2d C:\Users\Bruno\dev\utn\test\workspace\lpc_chip_175x_6x\Debug\liblpc_chip_175x_6x.a(iocon_17xx_40xx.o)
 .ARM.attributes
                0x00000276       0x2d C:\Users\Bruno\dev\utn\test\workspace\lpc_chip_175x_6x\Debug\liblpc_chip_175x_6x.a(sysinit_17xx_40xx.o)
 .ARM.attributes
                0x000002a3       0x2d C:\Users\Bruno\dev\utn\test\workspace\lpc_chip_175x_6x\Debug\liblpc_chip_175x_6x.a(uart_17xx_40xx.o)
 .ARM.attributes
                0x000002d0       0x33 C:\Users\Bruno\dev\utn\test\workspace\CMSIS_DSPLIB_CM3\lib\libCMSIS_DSPLIB_CM3.a(arm_float_to_q31.o)
 .ARM.attributes
                0x00000303       0x33 C:\Users\Bruno\dev\utn\test\workspace\CMSIS_DSPLIB_CM3\lib\libCMSIS_DSPLIB_CM3.a(arm_max_f32.o)
 .ARM.attributes
                0x00000336       0x33 C:\Users\Bruno\dev\utn\test\workspace\CMSIS_DSPLIB_CM3\lib\libCMSIS_DSPLIB_CM3.a(arm_biquad_cascade_df1_init_q31.o)
 .ARM.attributes
                0x00000369       0x33 C:\Users\Bruno\dev\utn\test\workspace\CMSIS_DSPLIB_CM3\lib\libCMSIS_DSPLIB_CM3.a(arm_biquad_cascade_df1_q31.o)
 .ARM.attributes
                0x0000039c       0x33 C:\Users\Bruno\dev\utn\test\workspace\CMSIS_DSPLIB_CM3\lib\libCMSIS_DSPLIB_CM3.a(arm_fir_init_q31.o)
 .ARM.attributes
                0x000003cf       0x33 C:\Users\Bruno\dev\utn\test\workspace\CMSIS_DSPLIB_CM3\lib\libCMSIS_DSPLIB_CM3.a(arm_fir_q31.o)
 .ARM.attributes
                0x00000402       0x33 C:\Users\Bruno\dev\utn\test\workspace\CMSIS_DSPLIB_CM3\lib\libCMSIS_DSPLIB_CM3.a(arm_scale_f32.o)
 .ARM.attributes
                0x00000435       0x2d c:/nxp/mcuxpressoide_11.8.0_1165/ide/plugins/com.nxp.mcuxpresso.tools.win32_11.8.0.202306131047/tools/bin/../lib/gcc/arm-none-eabi/12.2.1/../../../../arm-none-eabi/lib/thumb/v7-m/nofp\libcr_c.a(memset.o)
 .ARM.attributes
                0x00000462       0x2d c:/nxp/mcuxpressoide_11.8.0_1165/ide/plugins/com.nxp.mcuxpresso.tools.win32_11.8.0.202306131047/tools/bin/../lib/gcc/arm-none-eabi/12.2.1/../../../../arm-none-eabi/lib/thumb/v7-m/nofp\libcr_c.a(__weak__main.o)
 .ARM.attributes
                0x0000048f       0x2d c:/nxp/mcuxpressoide_11.8.0_1165/ide/plugins/com.nxp.mcuxpresso.tools.win32_11.8.0.202306131047/tools/bin/../lib/gcc/arm-none-eabi/12.2.1/thumb/v7-m/nofp\libcr_eabihelpers.a(float.o)
 .ARM.attributes
                0x000004bc       0x1b c:/nxp/mcuxpressoide_11.8.0_1165/ide/plugins/com.nxp.mcuxpresso.tools.win32_11.8.0.202306131047/tools/bin/../lib/gcc/arm-none-eabi/12.2.1/thumb/v7-m/nofp\libcr_eabihelpers.a(memcpy.o)

.debug_frame    0x00000000     0x192c
 .debug_frame   0x00000000       0x30 ./src/ADCMSIS.o
 .debug_frame   0x00000030       0x78 ./src/adc.o
 .debug_frame   0x000000a8      0x170 ./src/cr_startup_lpc175x_6x.o
 .debug_frame   0x00000218       0x50 ./src/dac.o
 .debug_frame   0x00000268       0x34 ./src/sysinit.o
 .debug_frame   0x0000029c      0x5d4 C:\Users\Bruno\dev\utn\test\workspace\lpc_board_nxp_lpcxpresso_1769\Debug\liblpc_board_nxp_lpcxpresso_1769.a(board.o)
 .debug_frame   0x00000870       0x8c C:\Users\Bruno\dev\utn\test\workspace\lpc_board_nxp_lpcxpresso_1769\Debug\liblpc_board_nxp_lpcxpresso_1769.a(board_sysinit.o)
 .debug_frame   0x000008fc      0x218 C:\Users\Bruno\dev\utn\test\workspace\lpc_chip_175x_6x\Debug\liblpc_chip_175x_6x.a(adc_17xx_40xx.o)
 .debug_frame   0x00000b14       0x88 C:\Users\Bruno\dev\utn\test\workspace\lpc_chip_175x_6x\Debug\liblpc_chip_175x_6x.a(chip_17xx_40xx.o)
 .debug_frame   0x00000b9c      0x490 C:\Users\Bruno\dev\utn\test\workspace\lpc_chip_175x_6x\Debug\liblpc_chip_175x_6x.a(clock_17xx_40xx.o)
 .debug_frame   0x0000102c       0xac C:\Users\Bruno\dev\utn\test\workspace\lpc_chip_175x_6x\Debug\liblpc_chip_175x_6x.a(dac_17xx_40xx.o)
 .debug_frame   0x000010d8       0x80 C:\Users\Bruno\dev\utn\test\workspace\lpc_chip_175x_6x\Debug\liblpc_chip_175x_6x.a(iocon_17xx_40xx.o)
 .debug_frame   0x00001158      0x12c C:\Users\Bruno\dev\utn\test\workspace\lpc_chip_175x_6x\Debug\liblpc_chip_175x_6x.a(sysinit_17xx_40xx.o)
 .debug_frame   0x00001284      0x538 C:\Users\Bruno\dev\utn\test\workspace\lpc_chip_175x_6x\Debug\liblpc_chip_175x_6x.a(uart_17xx_40xx.o)
 .debug_frame   0x000017bc       0x38 C:\Users\Bruno\dev\utn\test\workspace\CMSIS_DSPLIB_CM3\lib\libCMSIS_DSPLIB_CM3.a(arm_float_to_q31.o)
 .debug_frame   0x000017f4       0x38 C:\Users\Bruno\dev\utn\test\workspace\CMSIS_DSPLIB_CM3\lib\libCMSIS_DSPLIB_CM3.a(arm_max_f32.o)
 .debug_frame   0x0000182c       0x2c C:\Users\Bruno\dev\utn\test\workspace\CMSIS_DSPLIB_CM3\lib\libCMSIS_DSPLIB_CM3.a(arm_biquad_cascade_df1_init_q31.o)
 .debug_frame   0x00001858       0x38 C:\Users\Bruno\dev\utn\test\workspace\CMSIS_DSPLIB_CM3\lib\libCMSIS_DSPLIB_CM3.a(arm_biquad_cascade_df1_q31.o)
 .debug_frame   0x00001890       0x2c C:\Users\Bruno\dev\utn\test\workspace\CMSIS_DSPLIB_CM3\lib\libCMSIS_DSPLIB_CM3.a(arm_fir_init_q31.o)
 .debug_frame   0x000018bc       0x38 C:\Users\Bruno\dev\utn\test\workspace\CMSIS_DSPLIB_CM3\lib\libCMSIS_DSPLIB_CM3.a(arm_fir_q31.o)
 .debug_frame   0x000018f4       0x38 C:\Users\Bruno\dev\utn\test\workspace\CMSIS_DSPLIB_CM3\lib\libCMSIS_DSPLIB_CM3.a(arm_scale_f32.o)

.debug_macro    0x00000000     0x4beb
 .debug_macro   0x00000000      0x289 C:\Users\Bruno\dev\utn\test\workspace\lpc_board_nxp_lpcxpresso_1769\Debug\liblpc_board_nxp_lpcxpresso_1769.a(board.o)
 .debug_macro   0x00000289      0xab4 C:\Users\Bruno\dev\utn\test\workspace\lpc_board_nxp_lpcxpresso_1769\Debug\liblpc_board_nxp_lpcxpresso_1769.a(board.o)
 .debug_macro   0x00000d3d       0x10 C:\Users\Bruno\dev\utn\test\workspace\lpc_board_nxp_lpcxpresso_1769\Debug\liblpc_board_nxp_lpcxpresso_1769.a(board.o)
 .debug_macro   0x00000d4d      0x12e C:\Users\Bruno\dev\utn\test\workspace\lpc_board_nxp_lpcxpresso_1769\Debug\liblpc_board_nxp_lpcxpresso_1769.a(board.o)
 .debug_macro   0x00000e7b      0x5b3 C:\Users\Bruno\dev\utn\test\workspace\lpc_board_nxp_lpcxpresso_1769\Debug\liblpc_board_nxp_lpcxpresso_1769.a(board.o)
 .debug_macro   0x0000142e       0x22 C:\Users\Bruno\dev\utn\test\workspace\lpc_board_nxp_lpcxpresso_1769\Debug\liblpc_board_nxp_lpcxpresso_1769.a(board.o)
 .debug_macro   0x00001450       0x7b C:\Users\Bruno\dev\utn\test\workspace\lpc_board_nxp_lpcxpresso_1769\Debug\liblpc_board_nxp_lpcxpresso_1769.a(board.o)
 .debug_macro   0x000014cb       0x10 C:\Users\Bruno\dev\utn\test\workspace\lpc_board_nxp_lpcxpresso_1769\Debug\liblpc_board_nxp_lpcxpresso_1769.a(board.o)
 .debug_macro   0x000014db       0x2d C:\Users\Bruno\dev\utn\test\workspace\lpc_board_nxp_lpcxpresso_1769\Debug\liblpc_board_nxp_lpcxpresso_1769.a(board.o)
 .debug_macro   0x00001508       0x3a C:\Users\Bruno\dev\utn\test\workspace\lpc_board_nxp_lpcxpresso_1769\Debug\liblpc_board_nxp_lpcxpresso_1769.a(board.o)
 .debug_macro   0x00001542       0x2d C:\Users\Bruno\dev\utn\test\workspace\lpc_board_nxp_lpcxpresso_1769\Debug\liblpc_board_nxp_lpcxpresso_1769.a(board.o)
 .debug_macro   0x0000156f      0xbb1 C:\Users\Bruno\dev\utn\test\workspace\lpc_board_nxp_lpcxpresso_1769\Debug\liblpc_board_nxp_lpcxpresso_1769.a(board.o)
 .debug_macro   0x00002120      0x22c C:\Users\Bruno\dev\utn\test\workspace\lpc_board_nxp_lpcxpresso_1769\Debug\liblpc_board_nxp_lpcxpresso_1769.a(board.o)
 .debug_macro   0x0000234c       0x42 C:\Users\Bruno\dev\utn\test\workspace\lpc_board_nxp_lpcxpresso_1769\Debug\liblpc_board_nxp_lpcxpresso_1769.a(board.o)
 .debug_macro   0x0000238e       0x52 C:\Users\Bruno\dev\utn\test\workspace\lpc_board_nxp_lpcxpresso_1769\Debug\liblpc_board_nxp_lpcxpresso_1769.a(board.o)
 .debug_macro   0x000023e0       0x78 C:\Users\Bruno\dev\utn\test\workspace\lpc_board_nxp_lpcxpresso_1769\Debug\liblpc_board_nxp_lpcxpresso_1769.a(board.o)
 .debug_macro   0x00002458       0x82 C:\Users\Bruno\dev\utn\test\workspace\lpc_board_nxp_lpcxpresso_1769\Debug\liblpc_board_nxp_lpcxpresso_1769.a(board.o)
 .debug_macro   0x000024da      0x48c C:\Users\Bruno\dev\utn\test\workspace\lpc_board_nxp_lpcxpresso_1769\Debug\liblpc_board_nxp_lpcxpresso_1769.a(board.o)
 .debug_macro   0x00002966       0x34 C:\Users\Bruno\dev\utn\test\workspace\lpc_board_nxp_lpcxpresso_1769\Debug\liblpc_board_nxp_lpcxpresso_1769.a(board.o)
 .debug_macro   0x0000299a      0x4c5 C:\Users\Bruno\dev\utn\test\workspace\lpc_board_nxp_lpcxpresso_1769\Debug\liblpc_board_nxp_lpcxpresso_1769.a(board.o)
 .debug_macro   0x00002e5f      0x1b7 C:\Users\Bruno\dev\utn\test\workspace\lpc_board_nxp_lpcxpresso_1769\Debug\liblpc_board_nxp_lpcxpresso_1769.a(board.o)
 .debug_macro   0x00003016       0x10 C:\Users\Bruno\dev\utn\test\workspace\lpc_board_nxp_lpcxpresso_1769\Debug\liblpc_board_nxp_lpcxpresso_1769.a(board.o)
 .debug_macro   0x00003026      0x21b C:\Users\Bruno\dev\utn\test\workspace\lpc_board_nxp_lpcxpresso_1769\Debug\liblpc_board_nxp_lpcxpresso_1769.a(board.o)
 .debug_macro   0x00003241      0x1b9 C:\Users\Bruno\dev\utn\test\workspace\lpc_board_nxp_lpcxpresso_1769\Debug\liblpc_board_nxp_lpcxpresso_1769.a(board.o)
 .debug_macro   0x000033fa       0x40 C:\Users\Bruno\dev\utn\test\workspace\lpc_board_nxp_lpcxpresso_1769\Debug\liblpc_board_nxp_lpcxpresso_1769.a(board.o)
 .debug_macro   0x0000343a       0x22 C:\Users\Bruno\dev\utn\test\workspace\lpc_board_nxp_lpcxpresso_1769\Debug\liblpc_board_nxp_lpcxpresso_1769.a(board.o)
 .debug_macro   0x0000345c      0x162 C:\Users\Bruno\dev\utn\test\workspace\lpc_board_nxp_lpcxpresso_1769\Debug\liblpc_board_nxp_lpcxpresso_1769.a(board.o)
 .debug_macro   0x000035be       0x94 C:\Users\Bruno\dev\utn\test\workspace\lpc_board_nxp_lpcxpresso_1769\Debug\liblpc_board_nxp_lpcxpresso_1769.a(board.o)
 .debug_macro   0x00003652       0xb8 C:\Users\Bruno\dev\utn\test\workspace\lpc_board_nxp_lpcxpresso_1769\Debug\liblpc_board_nxp_lpcxpresso_1769.a(board.o)
 .debug_macro   0x0000370a       0x4c C:\Users\Bruno\dev\utn\test\workspace\lpc_board_nxp_lpcxpresso_1769\Debug\liblpc_board_nxp_lpcxpresso_1769.a(board.o)
 .debug_macro   0x00003756       0x16 C:\Users\Bruno\dev\utn\test\workspace\lpc_board_nxp_lpcxpresso_1769\Debug\liblpc_board_nxp_lpcxpresso_1769.a(board.o)
 .debug_macro   0x0000376c      0x328 C:\Users\Bruno\dev\utn\test\workspace\lpc_board_nxp_lpcxpresso_1769\Debug\liblpc_board_nxp_lpcxpresso_1769.a(board.o)
 .debug_macro   0x00003a94       0x49 C:\Users\Bruno\dev\utn\test\workspace\lpc_board_nxp_lpcxpresso_1769\Debug\liblpc_board_nxp_lpcxpresso_1769.a(board.o)
 .debug_macro   0x00003add       0x16 C:\Users\Bruno\dev\utn\test\workspace\lpc_board_nxp_lpcxpresso_1769\Debug\liblpc_board_nxp_lpcxpresso_1769.a(board.o)
 .debug_macro   0x00003af3       0xca C:\Users\Bruno\dev\utn\test\workspace\lpc_board_nxp_lpcxpresso_1769\Debug\liblpc_board_nxp_lpcxpresso_1769.a(board.o)
 .debug_macro   0x00003bbd       0x18 C:\Users\Bruno\dev\utn\test\workspace\lpc_board_nxp_lpcxpresso_1769\Debug\liblpc_board_nxp_lpcxpresso_1769.a(board.o)
 .debug_macro   0x00003bd5       0x70 C:\Users\Bruno\dev\utn\test\workspace\lpc_board_nxp_lpcxpresso_1769\Debug\liblpc_board_nxp_lpcxpresso_1769.a(board.o)
 .debug_macro   0x00003c45       0x9a C:\Users\Bruno\dev\utn\test\workspace\lpc_board_nxp_lpcxpresso_1769\Debug\liblpc_board_nxp_lpcxpresso_1769.a(board.o)
 .debug_macro   0x00003cdf       0x20 C:\Users\Bruno\dev\utn\test\workspace\lpc_board_nxp_lpcxpresso_1769\Debug\liblpc_board_nxp_lpcxpresso_1769.a(board.o)
 .debug_macro   0x00003cff       0x28 C:\Users\Bruno\dev\utn\test\workspace\lpc_board_nxp_lpcxpresso_1769\Debug\liblpc_board_nxp_lpcxpresso_1769.a(board.o)
 .debug_macro   0x00003d27       0x12 C:\Users\Bruno\dev\utn\test\workspace\lpc_board_nxp_lpcxpresso_1769\Debug\liblpc_board_nxp_lpcxpresso_1769.a(board.o)
 .debug_macro   0x00003d39      0x217 C:\Users\Bruno\dev\utn\test\workspace\lpc_board_nxp_lpcxpresso_1769\Debug\liblpc_board_nxp_lpcxpresso_1769.a(board_sysinit.o)
 .debug_macro   0x00003f50      0x1cd C:\Users\Bruno\dev\utn\test\workspace\lpc_chip_175x_6x\Debug\liblpc_chip_175x_6x.a(adc_17xx_40xx.o)
 .debug_macro   0x0000411d      0x1cd C:\Users\Bruno\dev\utn\test\workspace\lpc_chip_175x_6x\Debug\liblpc_chip_175x_6x.a(chip_17xx_40xx.o)
 .debug_macro   0x000042ea      0x1cd C:\Users\Bruno\dev\utn\test\workspace\lpc_chip_175x_6x\Debug\liblpc_chip_175x_6x.a(clock_17xx_40xx.o)
 .debug_macro   0x000044b7      0x1cd C:\Users\Bruno\dev\utn\test\workspace\lpc_chip_175x_6x\Debug\liblpc_chip_175x_6x.a(dac_17xx_40xx.o)
 .debug_macro   0x00004684      0x1cd C:\Users\Bruno\dev\utn\test\workspace\lpc_chip_175x_6x\Debug\liblpc_chip_175x_6x.a(iocon_17xx_40xx.o)
 .debug_macro   0x00004851      0x1cd C:\Users\Bruno\dev\utn\test\workspace\lpc_chip_175x_6x\Debug\liblpc_chip_175x_6x.a(sysinit_17xx_40xx.o)
 .debug_macro   0x00004a1e      0x1cd C:\Users\Bruno\dev\utn\test\workspace\lpc_chip_175x_6x\Debug\liblpc_chip_175x_6x.a(uart_17xx_40xx.o)

.debug_loc      0x00000000     0x171e
 .debug_loc     0x00000000      0x21e C:\Users\Bruno\dev\utn\test\workspace\CMSIS_DSPLIB_CM3\lib\libCMSIS_DSPLIB_CM3.a(arm_float_to_q31.o)
 .debug_loc     0x0000021e      0x423 C:\Users\Bruno\dev\utn\test\workspace\CMSIS_DSPLIB_CM3\lib\libCMSIS_DSPLIB_CM3.a(arm_max_f32.o)
 .debug_loc     0x00000641       0x8e C:\Users\Bruno\dev\utn\test\workspace\CMSIS_DSPLIB_CM3\lib\libCMSIS_DSPLIB_CM3.a(arm_biquad_cascade_df1_init_q31.o)
 .debug_loc     0x000006cf      0x690 C:\Users\Bruno\dev\utn\test\workspace\CMSIS_DSPLIB_CM3\lib\libCMSIS_DSPLIB_CM3.a(arm_biquad_cascade_df1_q31.o)
 .debug_loc     0x00000d5f       0x9a C:\Users\Bruno\dev\utn\test\workspace\CMSIS_DSPLIB_CM3\lib\libCMSIS_DSPLIB_CM3.a(arm_fir_init_q31.o)
 .debug_loc     0x00000df9      0x7f0 C:\Users\Bruno\dev\utn\test\workspace\CMSIS_DSPLIB_CM3\lib\libCMSIS_DSPLIB_CM3.a(arm_fir_q31.o)
 .debug_loc     0x000015e9      0x135 C:\Users\Bruno\dev\utn\test\workspace\CMSIS_DSPLIB_CM3\lib\libCMSIS_DSPLIB_CM3.a(arm_scale_f32.o)

.debug_ranges   0x00000000       0xb0
 .debug_ranges  0x00000000       0x50 C:\Users\Bruno\dev\utn\test\workspace\CMSIS_DSPLIB_CM3\lib\libCMSIS_DSPLIB_CM3.a(arm_float_to_q31.o)
 .debug_ranges  0x00000050       0x10 C:\Users\Bruno\dev\utn\test\workspace\CMSIS_DSPLIB_CM3\lib\libCMSIS_DSPLIB_CM3.a(arm_max_f32.o)
 .debug_ranges  0x00000060       0x10 C:\Users\Bruno\dev\utn\test\workspace\CMSIS_DSPLIB_CM3\lib\libCMSIS_DSPLIB_CM3.a(arm_biquad_cascade_df1_init_q31.o)
 .debug_ranges  0x00000070       0x10 C:\Users\Bruno\dev\utn\test\workspace\CMSIS_DSPLIB_CM3\lib\libCMSIS_DSPLIB_CM3.a(arm_biquad_cascade_df1_q31.o)
 .debug_ranges  0x00000080       0x10 C:\Users\Bruno\dev\utn\test\workspace\CMSIS_DSPLIB_CM3\lib\libCMSIS_DSPLIB_CM3.a(arm_fir_init_q31.o)
 .debug_ranges  0x00000090       0x10 C:\Users\Bruno\dev\utn\test\workspace\CMSIS_DSPLIB_CM3\lib\libCMSIS_DSPLIB_CM3.a(arm_fir_q31.o)
 .debug_ranges  0x000000a0       0x10 C:\Users\Bruno\dev\utn\test\workspace\CMSIS_DSPLIB_CM3\lib\libCMSIS_DSPLIB_CM3.a(arm_scale_f32.o)

.debug_macinfo  0x00000000    0x20853
 .debug_macinfo
                0x00000000     0x4a55 C:\Users\Bruno\dev\utn\test\workspace\CMSIS_DSPLIB_CM3\lib\libCMSIS_DSPLIB_CM3.a(arm_float_to_q31.o)
 .debug_macinfo
                0x00004a55     0x4a55 C:\Users\Bruno\dev\utn\test\workspace\CMSIS_DSPLIB_CM3\lib\libCMSIS_DSPLIB_CM3.a(arm_max_f32.o)
 .debug_macinfo
                0x000094aa     0x4a55 C:\Users\Bruno\dev\utn\test\workspace\CMSIS_DSPLIB_CM3\lib\libCMSIS_DSPLIB_CM3.a(arm_biquad_cascade_df1_init_q31.o)
 .debug_macinfo
                0x0000deff     0x4a55 C:\Users\Bruno\dev\utn\test\workspace\CMSIS_DSPLIB_CM3\lib\libCMSIS_DSPLIB_CM3.a(arm_biquad_cascade_df1_q31.o)
 .debug_macinfo
                0x00012954     0x4a55 C:\Users\Bruno\dev\utn\test\workspace\CMSIS_DSPLIB_CM3\lib\libCMSIS_DSPLIB_CM3.a(arm_fir_init_q31.o)
 .debug_macinfo
                0x000173a9     0x4a55 C:\Users\Bruno\dev\utn\test\workspace\CMSIS_DSPLIB_CM3\lib\libCMSIS_DSPLIB_CM3.a(arm_fir_q31.o)
 .debug_macinfo
                0x0001bdfe     0x4a55 C:\Users\Bruno\dev\utn\test\workspace\CMSIS_DSPLIB_CM3\lib\libCMSIS_DSPLIB_CM3.a(arm_scale_f32.o)

Cross Reference Table

Symbol                                            File
ADC_IRQHandler                                    ./src/adc.o
BOD_IRQHandler                                    ./src/cr_startup_lpc175x_6x.o
Board_Audio_Init                                  C:\Users\Bruno\dev\utn\test\workspace\lpc_board_nxp_lpcxpresso_1769\Debug\liblpc_board_nxp_lpcxpresso_1769.a(board.o)
Board_Buttons_Init                                C:\Users\Bruno\dev\utn\test\workspace\lpc_board_nxp_lpcxpresso_1769\Debug\liblpc_board_nxp_lpcxpresso_1769.a(board.o)
Board_Debug_Init                                  C:\Users\Bruno\dev\utn\test\workspace\lpc_board_nxp_lpcxpresso_1769\Debug\liblpc_board_nxp_lpcxpresso_1769.a(board.o)
Board_ENET_GetMacADDR                             C:\Users\Bruno\dev\utn\test\workspace\lpc_board_nxp_lpcxpresso_1769\Debug\liblpc_board_nxp_lpcxpresso_1769.a(board.o)
Board_I2C_Init                                    C:\Users\Bruno\dev\utn\test\workspace\lpc_board_nxp_lpcxpresso_1769\Debug\liblpc_board_nxp_lpcxpresso_1769.a(board.o)
Board_Init                                        C:\Users\Bruno\dev\utn\test\workspace\lpc_board_nxp_lpcxpresso_1769\Debug\liblpc_board_nxp_lpcxpresso_1769.a(board.o)
                                                  ./src/ADCMSIS.o
Board_Joystick_Init                               C:\Users\Bruno\dev\utn\test\workspace\lpc_board_nxp_lpcxpresso_1769\Debug\liblpc_board_nxp_lpcxpresso_1769.a(board.o)
Board_LED_Set                                     C:\Users\Bruno\dev\utn\test\workspace\lpc_board_nxp_lpcxpresso_1769\Debug\liblpc_board_nxp_lpcxpresso_1769.a(board.o)
                                                  ./src/ADCMSIS.o
Board_LED_Test                                    C:\Users\Bruno\dev\utn\test\workspace\lpc_board_nxp_lpcxpresso_1769\Debug\liblpc_board_nxp_lpcxpresso_1769.a(board.o)
Board_LED_Toggle                                  C:\Users\Bruno\dev\utn\test\workspace\lpc_board_nxp_lpcxpresso_1769\Debug\liblpc_board_nxp_lpcxpresso_1769.a(board.o)
Board_SPI_AssertSSEL                              C:\Users\Bruno\dev\utn\test\workspace\lpc_board_nxp_lpcxpresso_1769\Debug\liblpc_board_nxp_lpcxpresso_1769.a(board.o)
Board_SPI_DeassertSSEL                            C:\Users\Bruno\dev\utn\test\workspace\lpc_board_nxp_lpcxpresso_1769\Debug\liblpc_board_nxp_lpcxpresso_1769.a(board.o)
Board_SPI_Init                                    C:\Users\Bruno\dev\utn\test\workspace\lpc_board_nxp_lpcxpresso_1769\Debug\liblpc_board_nxp_lpcxpresso_1769.a(board.o)
Board_SSP_Init                                    C:\Users\Bruno\dev\utn\test\workspace\lpc_board_nxp_lpcxpresso_1769\Debug\liblpc_board_nxp_lpcxpresso_1769.a(board.o)
Board_SetupClocking                               C:\Users\Bruno\dev\utn\test\workspace\lpc_board_nxp_lpcxpresso_1769\Debug\liblpc_board_nxp_lpcxpresso_1769.a(board_sysinit.o)
Board_SetupMuxing                                 C:\Users\Bruno\dev\utn\test\workspace\lpc_board_nxp_lpcxpresso_1769\Debug\liblpc_board_nxp_lpcxpresso_1769.a(board_sysinit.o)
Board_SystemInit                                  C:\Users\Bruno\dev\utn\test\workspace\lpc_board_nxp_lpcxpresso_1769\Debug\liblpc_board_nxp_lpcxpresso_1769.a(board_sysinit.o)
                                                  ./src/sysinit.o
Board_UARTGetChar                                 C:\Users\Bruno\dev\utn\test\workspace\lpc_board_nxp_lpcxpresso_1769\Debug\liblpc_board_nxp_lpcxpresso_1769.a(board.o)
Board_UARTPutChar                                 C:\Users\Bruno\dev\utn\test\workspace\lpc_board_nxp_lpcxpresso_1769\Debug\liblpc_board_nxp_lpcxpresso_1769.a(board.o)
Board_UARTPutSTR                                  C:\Users\Bruno\dev\utn\test\workspace\lpc_board_nxp_lpcxpresso_1769\Debug\liblpc_board_nxp_lpcxpresso_1769.a(board.o)
Board_UART_Init                                   C:\Users\Bruno\dev\utn\test\workspace\lpc_board_nxp_lpcxpresso_1769\Debug\liblpc_board_nxp_lpcxpresso_1769.a(board.o)
Board_USBD_Init                                   C:\Users\Bruno\dev\utn\test\workspace\lpc_board_nxp_lpcxpresso_1769\Debug\liblpc_board_nxp_lpcxpresso_1769.a(board.o)
BusFault_Handler                                  ./src/cr_startup_lpc175x_6x.o
Buttons_GetStatus                                 C:\Users\Bruno\dev\utn\test\workspace\lpc_board_nxp_lpcxpresso_1769\Debug\liblpc_board_nxp_lpcxpresso_1769.a(board.o)
CANActivity_IRQHandler                            ./src/cr_startup_lpc175x_6x.o
CAN_IRQHandler                                    ./src/cr_startup_lpc175x_6x.o
CRP_WORD                                          ./src/crp.o
Chip_ADC_DeInit                                   C:\Users\Bruno\dev\utn\test\workspace\lpc_chip_175x_6x\Debug\liblpc_chip_175x_6x.a(adc_17xx_40xx.o)
Chip_ADC_EnableChannel                            C:\Users\Bruno\dev\utn\test\workspace\lpc_chip_175x_6x\Debug\liblpc_chip_175x_6x.a(adc_17xx_40xx.o)
                                                  ./src/adc.o
Chip_ADC_Init                                     C:\Users\Bruno\dev\utn\test\workspace\lpc_chip_175x_6x\Debug\liblpc_chip_175x_6x.a(adc_17xx_40xx.o)
                                                  ./src/adc.o
Chip_ADC_Int_SetChannelCmd                        C:\Users\Bruno\dev\utn\test\workspace\lpc_chip_175x_6x\Debug\liblpc_chip_175x_6x.a(adc_17xx_40xx.o)
                                                  ./src/adc.o
Chip_ADC_ReadByte                                 C:\Users\Bruno\dev\utn\test\workspace\lpc_chip_175x_6x\Debug\liblpc_chip_175x_6x.a(adc_17xx_40xx.o)
Chip_ADC_ReadStatus                               C:\Users\Bruno\dev\utn\test\workspace\lpc_chip_175x_6x\Debug\liblpc_chip_175x_6x.a(adc_17xx_40xx.o)
Chip_ADC_ReadValue                                C:\Users\Bruno\dev\utn\test\workspace\lpc_chip_175x_6x\Debug\liblpc_chip_175x_6x.a(adc_17xx_40xx.o)
                                                  ./src/adc.o
Chip_ADC_SetBurstCmd                              C:\Users\Bruno\dev\utn\test\workspace\lpc_chip_175x_6x\Debug\liblpc_chip_175x_6x.a(adc_17xx_40xx.o)
                                                  ./src/adc.o
Chip_ADC_SetSampleRate                            C:\Users\Bruno\dev\utn\test\workspace\lpc_chip_175x_6x\Debug\liblpc_chip_175x_6x.a(adc_17xx_40xx.o)
                                                  ./src/adc.o
Chip_ADC_SetStartMode                             C:\Users\Bruno\dev\utn\test\workspace\lpc_chip_175x_6x\Debug\liblpc_chip_175x_6x.a(adc_17xx_40xx.o)
Chip_Clock_DisablePLL                             C:\Users\Bruno\dev\utn\test\workspace\lpc_chip_175x_6x\Debug\liblpc_chip_175x_6x.a(clock_17xx_40xx.o)
                                                  C:\Users\Bruno\dev\utn\test\workspace\lpc_chip_175x_6x\Debug\liblpc_chip_175x_6x.a(sysinit_17xx_40xx.o)
Chip_Clock_DisablePeriphClock                     C:\Users\Bruno\dev\utn\test\workspace\lpc_chip_175x_6x\Debug\liblpc_chip_175x_6x.a(clock_17xx_40xx.o)
                                                  C:\Users\Bruno\dev\utn\test\workspace\lpc_chip_175x_6x\Debug\liblpc_chip_175x_6x.a(uart_17xx_40xx.o)
                                                  C:\Users\Bruno\dev\utn\test\workspace\lpc_chip_175x_6x\Debug\liblpc_chip_175x_6x.a(i2s_17xx_40xx.o)
                                                  C:\Users\Bruno\dev\utn\test\workspace\lpc_chip_175x_6x\Debug\liblpc_chip_175x_6x.a(adc_17xx_40xx.o)
Chip_Clock_EnablePLL                              C:\Users\Bruno\dev\utn\test\workspace\lpc_chip_175x_6x\Debug\liblpc_chip_175x_6x.a(clock_17xx_40xx.o)
                                                  C:\Users\Bruno\dev\utn\test\workspace\lpc_chip_175x_6x\Debug\liblpc_chip_175x_6x.a(sysinit_17xx_40xx.o)
                                                  C:\Users\Bruno\dev\utn\test\workspace\lpc_chip_175x_6x\Debug\liblpc_chip_175x_6x.a(chip_17xx_40xx.o)
Chip_Clock_EnablePeriphClock                      C:\Users\Bruno\dev\utn\test\workspace\lpc_chip_175x_6x\Debug\liblpc_chip_175x_6x.a(clock_17xx_40xx.o)
                                                  C:\Users\Bruno\dev\utn\test\workspace\lpc_chip_175x_6x\Debug\liblpc_chip_175x_6x.a(uart_17xx_40xx.o)
                                                  C:\Users\Bruno\dev\utn\test\workspace\lpc_chip_175x_6x\Debug\liblpc_chip_175x_6x.a(i2s_17xx_40xx.o)
                                                  C:\Users\Bruno\dev\utn\test\workspace\lpc_chip_175x_6x\Debug\liblpc_chip_175x_6x.a(chip_17xx_40xx.o)
                                                  C:\Users\Bruno\dev\utn\test\workspace\lpc_chip_175x_6x\Debug\liblpc_chip_175x_6x.a(adc_17xx_40xx.o)
                                                  C:\Users\Bruno\dev\utn\test\workspace\lpc_board_nxp_lpcxpresso_1769\Debug\liblpc_board_nxp_lpcxpresso_1769.a(board.o)
Chip_Clock_GetCPUClockDiv                         C:\Users\Bruno\dev\utn\test\workspace\lpc_chip_175x_6x\Debug\liblpc_chip_175x_6x.a(clock_17xx_40xx.o)
Chip_Clock_GetCPUClockSource                      C:\Users\Bruno\dev\utn\test\workspace\lpc_chip_175x_6x\Debug\liblpc_chip_175x_6x.a(clock_17xx_40xx.o)
Chip_Clock_GetMainClockRate                       C:\Users\Bruno\dev\utn\test\workspace\lpc_chip_175x_6x\Debug\liblpc_chip_175x_6x.a(clock_17xx_40xx.o)
Chip_Clock_GetMainPLLOutClockRate                 C:\Users\Bruno\dev\utn\test\workspace\lpc_chip_175x_6x\Debug\liblpc_chip_175x_6x.a(clock_17xx_40xx.o)
Chip_Clock_GetPCLKDiv                             C:\Users\Bruno\dev\utn\test\workspace\lpc_chip_175x_6x\Debug\liblpc_chip_175x_6x.a(clock_17xx_40xx.o)
Chip_Clock_GetPeripheralClockRate                 C:\Users\Bruno\dev\utn\test\workspace\lpc_chip_175x_6x\Debug\liblpc_chip_175x_6x.a(clock_17xx_40xx.o)
                                                  C:\Users\Bruno\dev\utn\test\workspace\lpc_chip_175x_6x\Debug\liblpc_chip_175x_6x.a(uart_17xx_40xx.o)
                                                  C:\Users\Bruno\dev\utn\test\workspace\lpc_chip_175x_6x\Debug\liblpc_chip_175x_6x.a(i2s_17xx_40xx.o)
                                                  C:\Users\Bruno\dev\utn\test\workspace\lpc_chip_175x_6x\Debug\liblpc_chip_175x_6x.a(adc_17xx_40xx.o)
Chip_Clock_GetSYSCLKRate                          C:\Users\Bruno\dev\utn\test\workspace\lpc_chip_175x_6x\Debug\liblpc_chip_175x_6x.a(clock_17xx_40xx.o)
Chip_Clock_GetSystemClockRate                     C:\Users\Bruno\dev\utn\test\workspace\lpc_chip_175x_6x\Debug\liblpc_chip_175x_6x.a(clock_17xx_40xx.o)
                                                  C:\Users\Bruno\dev\utn\test\workspace\lpc_chip_175x_6x\Debug\liblpc_chip_175x_6x.a(chip_17xx_40xx.o)
Chip_Clock_GetUSBClockDiv                         C:\Users\Bruno\dev\utn\test\workspace\lpc_chip_175x_6x\Debug\liblpc_chip_175x_6x.a(clock_17xx_40xx.o)
Chip_Clock_GetUSBClockRate                        C:\Users\Bruno\dev\utn\test\workspace\lpc_chip_175x_6x\Debug\liblpc_chip_175x_6x.a(clock_17xx_40xx.o)
Chip_Clock_GetUSBPLLOutClockRate                  C:\Users\Bruno\dev\utn\test\workspace\lpc_chip_175x_6x\Debug\liblpc_chip_175x_6x.a(clock_17xx_40xx.o)
Chip_Clock_IsPeripheralClockEnabled               C:\Users\Bruno\dev\utn\test\workspace\lpc_chip_175x_6x\Debug\liblpc_chip_175x_6x.a(clock_17xx_40xx.o)
Chip_Clock_SetCLKOUTSource                        C:\Users\Bruno\dev\utn\test\workspace\lpc_chip_175x_6x\Debug\liblpc_chip_175x_6x.a(clock_17xx_40xx.o)
Chip_Clock_SetCPUClockDiv                         C:\Users\Bruno\dev\utn\test\workspace\lpc_chip_175x_6x\Debug\liblpc_chip_175x_6x.a(clock_17xx_40xx.o)
                                                  C:\Users\Bruno\dev\utn\test\workspace\lpc_chip_175x_6x\Debug\liblpc_chip_175x_6x.a(sysinit_17xx_40xx.o)
Chip_Clock_SetCPUClockSource                      C:\Users\Bruno\dev\utn\test\workspace\lpc_chip_175x_6x\Debug\liblpc_chip_175x_6x.a(clock_17xx_40xx.o)
Chip_Clock_SetPCLKDiv                             C:\Users\Bruno\dev\utn\test\workspace\lpc_chip_175x_6x\Debug\liblpc_chip_175x_6x.a(clock_17xx_40xx.o)
Chip_Clock_SetUSBClockDiv                         C:\Users\Bruno\dev\utn\test\workspace\lpc_chip_175x_6x\Debug\liblpc_chip_175x_6x.a(clock_17xx_40xx.o)
Chip_Clock_SetupPLL                               C:\Users\Bruno\dev\utn\test\workspace\lpc_chip_175x_6x\Debug\liblpc_chip_175x_6x.a(clock_17xx_40xx.o)
                                                  C:\Users\Bruno\dev\utn\test\workspace\lpc_chip_175x_6x\Debug\liblpc_chip_175x_6x.a(sysinit_17xx_40xx.o)
                                                  C:\Users\Bruno\dev\utn\test\workspace\lpc_chip_175x_6x\Debug\liblpc_chip_175x_6x.a(chip_17xx_40xx.o)
Chip_DAC_DeInit                                   C:\Users\Bruno\dev\utn\test\workspace\lpc_chip_175x_6x\Debug\liblpc_chip_175x_6x.a(dac_17xx_40xx.o)
Chip_DAC_Init                                     C:\Users\Bruno\dev\utn\test\workspace\lpc_chip_175x_6x\Debug\liblpc_chip_175x_6x.a(dac_17xx_40xx.o)
                                                  ./src/dac.o
Chip_DAC_SetBias                                  C:\Users\Bruno\dev\utn\test\workspace\lpc_chip_175x_6x\Debug\liblpc_chip_175x_6x.a(dac_17xx_40xx.o)
Chip_DAC_UpdateValue                              C:\Users\Bruno\dev\utn\test\workspace\lpc_chip_175x_6x\Debug\liblpc_chip_175x_6x.a(dac_17xx_40xx.o)
                                                  ./src/dac.o
Chip_I2S_DMA_RxCmd                                C:\Users\Bruno\dev\utn\test\workspace\lpc_chip_175x_6x\Debug\liblpc_chip_175x_6x.a(i2s_17xx_40xx.o)
Chip_I2S_DMA_TxCmd                                C:\Users\Bruno\dev\utn\test\workspace\lpc_chip_175x_6x\Debug\liblpc_chip_175x_6x.a(i2s_17xx_40xx.o)
Chip_I2S_DeInit                                   C:\Users\Bruno\dev\utn\test\workspace\lpc_chip_175x_6x\Debug\liblpc_chip_175x_6x.a(i2s_17xx_40xx.o)
Chip_I2S_Init                                     C:\Users\Bruno\dev\utn\test\workspace\lpc_chip_175x_6x\Debug\liblpc_chip_175x_6x.a(i2s_17xx_40xx.o)
                                                  C:\Users\Bruno\dev\utn\test\workspace\lpc_board_nxp_lpcxpresso_1769\Debug\liblpc_board_nxp_lpcxpresso_1769.a(board.o)
Chip_I2S_Int_RxCmd                                C:\Users\Bruno\dev\utn\test\workspace\lpc_chip_175x_6x\Debug\liblpc_chip_175x_6x.a(i2s_17xx_40xx.o)
Chip_I2S_Int_TxCmd                                C:\Users\Bruno\dev\utn\test\workspace\lpc_chip_175x_6x\Debug\liblpc_chip_175x_6x.a(i2s_17xx_40xx.o)
Chip_I2S_RxConfig                                 C:\Users\Bruno\dev\utn\test\workspace\lpc_chip_175x_6x\Debug\liblpc_chip_175x_6x.a(i2s_17xx_40xx.o)
Chip_I2S_TxConfig                                 C:\Users\Bruno\dev\utn\test\workspace\lpc_chip_175x_6x\Debug\liblpc_chip_175x_6x.a(i2s_17xx_40xx.o)
                                                  C:\Users\Bruno\dev\utn\test\workspace\lpc_board_nxp_lpcxpresso_1769\Debug\liblpc_board_nxp_lpcxpresso_1769.a(board.o)
Chip_IOCON_PinMux                                 C:\Users\Bruno\dev\utn\test\workspace\lpc_chip_175x_6x\Debug\liblpc_chip_175x_6x.a(iocon_17xx_40xx.o)
                                                  C:\Users\Bruno\dev\utn\test\workspace\lpc_board_nxp_lpcxpresso_1769\Debug\liblpc_board_nxp_lpcxpresso_1769.a(board.o)
Chip_IOCON_PinMuxSet                              C:\Users\Bruno\dev\utn\test\workspace\lpc_chip_175x_6x\Debug\liblpc_chip_175x_6x.a(iocon_17xx_40xx.o)
Chip_IOCON_SetPinMuxing                           C:\Users\Bruno\dev\utn\test\workspace\lpc_chip_175x_6x\Debug\liblpc_chip_175x_6x.a(iocon_17xx_40xx.o)
                                                  C:\Users\Bruno\dev\utn\test\workspace\lpc_board_nxp_lpcxpresso_1769\Debug\liblpc_board_nxp_lpcxpresso_1769.a(board_sysinit.o)
Chip_SetupIrcClocking                             C:\Users\Bruno\dev\utn\test\workspace\lpc_chip_175x_6x\Debug\liblpc_chip_175x_6x.a(sysinit_17xx_40xx.o)
Chip_SetupXtalClocking                            C:\Users\Bruno\dev\utn\test\workspace\lpc_chip_175x_6x\Debug\liblpc_chip_175x_6x.a(sysinit_17xx_40xx.o)
                                                  C:\Users\Bruno\dev\utn\test\workspace\lpc_board_nxp_lpcxpresso_1769\Debug\liblpc_board_nxp_lpcxpresso_1769.a(board_sysinit.o)
Chip_SystemInit                                   C:\Users\Bruno\dev\utn\test\workspace\lpc_chip_175x_6x\Debug\liblpc_chip_175x_6x.a(sysinit_17xx_40xx.o)
Chip_UART_ABCmd                                   C:\Users\Bruno\dev\utn\test\workspace\lpc_chip_175x_6x\Debug\liblpc_chip_175x_6x.a(uart_17xx_40xx.o)
Chip_UART_CheckBusy                               C:\Users\Bruno\dev\utn\test\workspace\lpc_chip_175x_6x\Debug\liblpc_chip_175x_6x.a(uart_17xx_40xx.o)
Chip_UART_DeInit                                  C:\Users\Bruno\dev\utn\test\workspace\lpc_chip_175x_6x\Debug\liblpc_chip_175x_6x.a(uart_17xx_40xx.o)
Chip_UART_GetABEOStatus                           C:\Users\Bruno\dev\utn\test\workspace\lpc_chip_175x_6x\Debug\liblpc_chip_175x_6x.a(uart_17xx_40xx.o)
Chip_UART_IRQRBHandler                            C:\Users\Bruno\dev\utn\test\workspace\lpc_chip_175x_6x\Debug\liblpc_chip_175x_6x.a(uart_17xx_40xx.o)
Chip_UART_Init                                    C:\Users\Bruno\dev\utn\test\workspace\lpc_chip_175x_6x\Debug\liblpc_chip_175x_6x.a(uart_17xx_40xx.o)
                                                  C:\Users\Bruno\dev\utn\test\workspace\lpc_board_nxp_lpcxpresso_1769\Debug\liblpc_board_nxp_lpcxpresso_1769.a(board.o)
Chip_UART_RXIntHandlerRB                          C:\Users\Bruno\dev\utn\test\workspace\lpc_chip_175x_6x\Debug\liblpc_chip_175x_6x.a(uart_17xx_40xx.o)
Chip_UART_Read                                    C:\Users\Bruno\dev\utn\test\workspace\lpc_chip_175x_6x\Debug\liblpc_chip_175x_6x.a(uart_17xx_40xx.o)
Chip_UART_ReadBlocking                            C:\Users\Bruno\dev\utn\test\workspace\lpc_chip_175x_6x\Debug\liblpc_chip_175x_6x.a(uart_17xx_40xx.o)
Chip_UART_ReadRB                                  C:\Users\Bruno\dev\utn\test\workspace\lpc_chip_175x_6x\Debug\liblpc_chip_175x_6x.a(uart_17xx_40xx.o)
Chip_UART_Send                                    C:\Users\Bruno\dev\utn\test\workspace\lpc_chip_175x_6x\Debug\liblpc_chip_175x_6x.a(uart_17xx_40xx.o)
Chip_UART_SendBlocking                            C:\Users\Bruno\dev\utn\test\workspace\lpc_chip_175x_6x\Debug\liblpc_chip_175x_6x.a(uart_17xx_40xx.o)
Chip_UART_SendRB                                  C:\Users\Bruno\dev\utn\test\workspace\lpc_chip_175x_6x\Debug\liblpc_chip_175x_6x.a(uart_17xx_40xx.o)
Chip_UART_SetBaud                                 C:\Users\Bruno\dev\utn\test\workspace\lpc_chip_175x_6x\Debug\liblpc_chip_175x_6x.a(uart_17xx_40xx.o)
                                                  C:\Users\Bruno\dev\utn\test\workspace\lpc_board_nxp_lpcxpresso_1769\Debug\liblpc_board_nxp_lpcxpresso_1769.a(board.o)
Chip_UART_SetBaudFDR                              C:\Users\Bruno\dev\utn\test\workspace\lpc_chip_175x_6x\Debug\liblpc_chip_175x_6x.a(uart_17xx_40xx.o)
Chip_UART_TXDisable                               C:\Users\Bruno\dev\utn\test\workspace\lpc_chip_175x_6x\Debug\liblpc_chip_175x_6x.a(uart_17xx_40xx.o)
Chip_UART_TXEnable                                C:\Users\Bruno\dev\utn\test\workspace\lpc_chip_175x_6x\Debug\liblpc_chip_175x_6x.a(uart_17xx_40xx.o)